Component: ARM Compiler 5.06 update 7 (build 960) Tool: armlink [4d3601]

==============================================================================

Section Cross References

    startup_stm32f103xe.o(STACK) refers (Special) to heapauxi.o(.text) for __use_two_region_memory
    startup_stm32f103xe.o(HEAP) refers (Special) to heapauxi.o(.text) for __use_two_region_memory
    startup_stm32f103xe.o(RESET) refers (Special) to heapauxi.o(.text) for __use_two_region_memory
    startup_stm32f103xe.o(RESET) refers to startup_stm32f103xe.o(STACK) for __initial_sp
    startup_stm32f103xe.o(RESET) refers to startup_stm32f103xe.o(.text) for Reset_Handler
    startup_stm32f103xe.o(RESET) refers to stm32f1xx_it.o(i.NMI_Handler) for NMI_Handler
    startup_stm32f103xe.o(RESET) refers to stm32f1xx_it.o(i.HardFault_Handler) for HardFault_Handler
    startup_stm32f103xe.o(RESET) refers to stm32f1xx_it.o(i.MemManage_Handler) for MemManage_Handler
    startup_stm32f103xe.o(RESET) refers to stm32f1xx_it.o(i.BusFault_Handler) for BusFault_Handler
    startup_stm32f103xe.o(RESET) refers to stm32f1xx_it.o(i.UsageFault_Handler) for UsageFault_Handler
    startup_stm32f103xe.o(RESET) refers to stm32f1xx_it.o(i.SVC_Handler) for SVC_Handler
    startup_stm32f103xe.o(RESET) refers to stm32f1xx_it.o(i.DebugMon_Handler) for DebugMon_Handler
    startup_stm32f103xe.o(RESET) refers to stm32f1xx_it.o(i.PendSV_Handler) for PendSV_Handler
    startup_stm32f103xe.o(RESET) refers to stm32f1xx_it.o(i.SysTick_Handler) for SysTick_Handler
    startup_stm32f103xe.o(RESET) refers to stm32f1xx_it.o(i.TIM2_IRQHandler) for TIM2_IRQHandler
    startup_stm32f103xe.o(RESET) refers to stm32f1xx_it.o(i.USART1_IRQHandler) for USART1_IRQHandler
    startup_stm32f103xe.o(.text) refers (Special) to heapauxi.o(.text) for __use_two_region_memory
    startup_stm32f103xe.o(.text) refers to system_stm32f1xx.o(i.SystemInit) for SystemInit
    startup_stm32f103xe.o(.text) refers to __main.o(!!!main) for __main
    startup_stm32f103xe.o(.text) refers to startup_stm32f103xe.o(HEAP) for Heap_Mem
    startup_stm32f103xe.o(.text) refers to startup_stm32f103xe.o(STACK) for Stack_Mem
    main.o(i.Error_Handler) refers to main.o(i.my_uart1_printf) for my_uart1_printf
    main.o(i.MX_ADC1_Init) refers to stm32f1xx_hal_adc.o(i.HAL_ADC_Init) for HAL_ADC_Init
    main.o(i.MX_ADC1_Init) refers to stm32f1xx_hal_adc.o(i.HAL_ADC_ConfigChannel) for HAL_ADC_ConfigChannel
    main.o(i.MX_ADC1_Init) refers to main.o(i.Error_Handler) for Error_Handler
    main.o(i.MX_ADC1_Init) refers to main.o(.bss) for .bss
    main.o(i.MX_TIM2_Init) refers to stm32f1xx_hal_tim.o(i.HAL_TIM_Base_Init) for HAL_TIM_Base_Init
    main.o(i.MX_TIM2_Init) refers to stm32f1xx_hal_tim.o(i.HAL_TIM_ConfigClockSource) for HAL_TIM_ConfigClockSource
    main.o(i.MX_TIM2_Init) refers to stm32f1xx_hal_tim_ex.o(i.HAL_TIMEx_MasterConfigSynchronization) for HAL_TIMEx_MasterConfigSynchronization
    main.o(i.MX_TIM2_Init) refers to main.o(i.Error_Handler) for Error_Handler
    main.o(i.MX_TIM2_Init) refers to main.o(.bss) for .bss
    main.o(i.SystemClock_Config) refers to rt_memclr_w.o(.text) for __aeabi_memclr4
    main.o(i.SystemClock_Config) refers to stm32f1xx_hal_rcc.o(i.HAL_RCC_OscConfig) for HAL_RCC_OscConfig
    main.o(i.SystemClock_Config) refers to stm32f1xx_hal_rcc.o(i.HAL_RCC_ClockConfig) for HAL_RCC_ClockConfig
    main.o(i.SystemClock_Config) refers to stm32f1xx_hal_rcc_ex.o(i.HAL_RCCEx_PeriphCLKConfig) for HAL_RCCEx_PeriphCLKConfig
    main.o(i.SystemClock_Config) refers to main.o(i.Error_Handler) for Error_Handler
    main.o(i.main) refers to stm32f1xx_hal.o(i.HAL_Init) for HAL_Init
    main.o(i.main) refers to main.o(i.SystemClock_Config) for SystemClock_Config
    main.o(i.main) refers to main.o(i.MX_ADC1_Init) for MX_ADC1_Init
    main.o(i.main) refers to stm32f1xx_hal_uart.o(i.HAL_UART_Init) for HAL_UART_Init
    main.o(i.main) refers to main.o(i.Error_Handler) for Error_Handler
    main.o(i.main) refers to main.o(i.MX_TIM2_Init) for MX_TIM2_Init
    main.o(i.main) refers to main.o(i.my_uart1_printf) for my_uart1_printf
    main.o(i.main) refers to main.o(.bss) for .bss
    main.o(i.my_uart1_printf) refers to vsprintf.o(.text) for vsprintf
    main.o(i.my_uart1_printf) refers to stm32f1xx_hal_uart.o(i.HAL_UART_Transmit) for HAL_UART_Transmit
    main.o(i.my_uart1_printf) refers to main.o(.bss) for .bss
    stm32f1xx_it.o(i.SysTick_Handler) refers to stm32f1xx_hal.o(i.HAL_IncTick) for HAL_IncTick
    stm32f1xx_it.o(i.TIM2_IRQHandler) refers to stm32f1xx_hal_tim.o(i.HAL_TIM_IRQHandler) for HAL_TIM_IRQHandler
    stm32f1xx_it.o(i.TIM2_IRQHandler) refers to main.o(.bss) for htim2
    stm32f1xx_it.o(i.USART1_IRQHandler) refers to stm32f1xx_hal_uart.o(i.HAL_UART_IRQHandler) for HAL_UART_IRQHandler
    stm32f1xx_it.o(i.USART1_IRQHandler) refers to main.o(.bss) for huart1
    stm32f1xx_hal_msp.o(i.HAL_ADC_MspDeInit) refers to stm32f1xx_hal_gpio.o(i.HAL_GPIO_DeInit) for HAL_GPIO_DeInit
[...]
    i.TIM_ITRx_SetConfig                     0x08004ed0   Section        0  stm32f1xx_hal_tim.o(i.TIM_ITRx_SetConfig)
    TIM_ITRx_SetConfig                       0x08004ed1   Thumb Code    16  stm32f1xx_hal_tim.o(i.TIM_ITRx_SetConfig)
    i.TIM_TI1_ConfigInputStage               0x08004ee0   Section        0  stm32f1xx_hal_tim.o(i.TIM_TI1_ConfigInputStage)
    TIM_TI1_ConfigInputStage                 0x08004ee1   Thumb Code    34  stm32f1xx_hal_tim.o(i.TIM_TI1_ConfigInputStage)
    i.TIM_TI2_ConfigInputStage               0x08004f02   Section        0  stm32f1xx_hal_tim.o(i.TIM_TI2_ConfigInputStage)
    TIM_TI2_ConfigInputStage                 0x08004f03   Thumb Code    36  stm32f1xx_hal_tim.o(i.TIM_TI2_ConfigInputStage)
    i.UART_DMAAbortOnError                   0x08004f26   Section        0  stm32f1xx_hal_uart.o(i.UART_DMAAbortOnError)
    UART_DMAAbortOnError                     0x08004f27   Thumb Code    16  stm32f1xx_hal_uart.o(i.UART_DMAAbortOnError)
    i.UART_EndRxTransfer                     0x08004f36   Section        0  stm32f1xx_hal_uart.o(i.UART_EndRxTransfer)
    UART_EndRxTransfer                       0x08004f37   Thumb Code    78  stm32f1xx_hal_uart.o(i.UART_EndRxTransfer)
    i.UART_Receive_IT                        0x08004f84   Section        0  stm32f1xx_hal_uart.o(i.UART_Receive_IT)
    UART_Receive_IT                          0x08004f85   Thumb Code   194  stm32f1xx_hal_uart.o(i.UART_Receive_IT)
    i.UART_SetConfig                         0x08005048   Section        0  stm32f1xx_hal_uart.o(i.UART_SetConfig)
    UART_SetConfig                           0x08005049   Thumb Code   264  stm32f1xx_hal_uart.o(i.UART_SetConfig)
    i.UART_WaitOnFlagUntilTimeout            0x08005194   Section        0  stm32f1xx_hal_uart.o(i.UART_WaitOnFlagUntilTimeout)
    UART_WaitOnFlagUntilTimeout              0x08005195   Thumb Code   114  stm32f1xx_hal_uart.o(i.UART_WaitOnFlagUntilTimeout)
    i.USART1_IRQHandler                      0x08005208   Section        0  stm32f1xx_it.o(i.USART1_IRQHandler)
    i.UsageFault_Handler                     0x08005214   Section        0  stm32f1xx_it.o(i.UsageFault_Handler)
    i.__ARM_fpclassify                       0x08005216   Section        0  fpclassify.o(i.__ARM_fpclassify)
    i.__NVIC_SetPriority                     0x0800523e   Section        0  stm32f1xx_hal_cortex.o(i.__NVIC_SetPriority)
    __NVIC_SetPriority                       0x0800523f   Thumb Code    32  stm32f1xx_hal_cortex.o(i.__NVIC_SetPriority)
    i._is_digit                              0x0800525e   Section        0  __printf_wp.o(i._is_digit)
    i.assert_failed                          0x0800526c   Section        0  main.o(i.assert_failed)
    i.deleteFront                            0x08005270   Section        0  deque.o(i.deleteFront)
    i.fputc                                  0x080052b0   Section        0  fputc.o(i.fputc)
    i.insertRear                             0x080052ca   Section        0  deque.o(i.insertRear)
    i.main                                   0x080052f0   Section        0  main.o(i.main)
    i.my_uart1_printf                        0x0800536c   Section        0  main.o(i.my_uart1_printf)
    locale$$code                             0x080053a8   Section       44  lc_numeric_c.o(locale$$code)
    locale$$code                             0x080053d4   Section       44  lc_ctype_c.o(locale$$code)
    x$fpl$printf1                            0x08005400   Section        4  printf1.o(x$fpl$printf1)
    x$fpl$printf2                            0x08005404   Section        4  printf2.o(x$fpl$printf2)
    .constdata                               0x08005408   Section       18  stm32f1xx_hal_rcc.o(.constdata)
    x$fpl$usenofp                            0x08005408   Section        0  usenofp.o(x$fpl$usenofp)
    aPredivFactorTable                       0x08005408   Data           2  stm32f1xx_hal_rcc.o(.constdata)
    aPLLMULFactorTable                       0x0800540a   Data          16  stm32f1xx_hal_rcc.o(.constdata)
    .constdata                               0x0800541a   Section       18  stm32f1xx_hal_rcc_ex.o(.constdata)
    aPredivFactorTable                       0x0800541a   Data           2  stm32f1xx_hal_rcc_ex.o(.constdata)
    aPLLMULFactorTable                       0x0800541c   Data          16  stm32f1xx_hal_rcc_ex.o(.constdata)
    .constdata                               0x0800542c   Section       16  system_stm32f1xx.o(.constdata)
    .constdata                               0x0800543c   Section        8  system_stm32f1xx.o(.constdata)
    .constdata                               0x08005444   Section       17  __printf_flags_ss_wp.o(.constdata)
    maptable                                 0x08005444   Data          17  __printf_flags_ss_wp.o(.constdata)
    .constdata                               0x08005458   Section        8  _printf_wctomb.o(.constdata)
    initial_mbstate                          0x08005458   Data           8  _printf_wctomb.o(.constdata)
    .constdata                               0x08005460   Section       40  _printf_hex_int_ll_ptr.o(.constdata)
    uc_hextab                                0x08005460   Data          20  _printf_hex_int_ll_ptr.o(.constdata)
    lc_hextab                                0x08005474   Data          20  _printf_hex_int_ll_ptr.o(.constdata)
    .constdata                               0x08005488   Section       38  _printf_fp_hex.o(.constdata)
    lc_hextab                                0x08005488   Data          19  _printf_fp_hex.o(.constdata)
    uc_hextab                                0x0800549b   Data          19  _printf_fp_hex.o(.constdata)
    .constdata                               0x080054ae   Section        4  sys_io.o(.constdata)
    .constdata                               0x080054b2   Section        4  sys_io.o(.constdata)
    .constdata                               0x080054b6   Section        4  sys_io.o(.constdata)
    .constdata                               0x080054bc   Section      148  bigflt0.o(.constdata)
    tenpwrs_x                                0x080054bc   Data          60  bigflt0.o(.constdata)
    tenpwrs_i                                0x080054f8   Data          64  bigflt0.o(.constdata)
    locale$$data                             0x08005570   Section       28  lc_numeric_c.o(locale$$data)
    __lcnum_c_name                           0x08005574   Data           2  lc_numeric_c.o(locale$$data)
    __lcnum_c_start                          0x0800557c   Data           0  lc_numeric_c.o(locale$$data)
    __lcnum_c_point                          0x08005588   Data           0  lc_numeric_c.o(locale$$data)
    __lcnum_c_thousands                      0x0800558a   Data           0  lc_numeric_c.o(locale$$data)
    __lcnum_c_grouping                       0x0800558b   Data           0  lc_numeric_c.o(locale$$data)
    locale$$data                             0x0800558c   Section      272  lc_ctype_c.o(locale$$data)
    __lcnum_c_end                            0x0800558c   Data           0  lc_numeric_c.o(locale$$data)
    __lcctype_c_name                         0x08005590   Data           2  lc_ctype_c.o(locale$$data)
    __lcctype_c_start                        0x08005598   Data           0  lc_ctype_c.o(locale$$data)
    __lcctype_c_end                          0x0800569c   Data           0  lc_ctype_c.o(locale$$data)
    .data                                    0x20000000   Section       12  stm32f1xx_hal.o(.data)
    .data                                    0x2000000c   Section        4  system_stm32f1xx.o(.data)
    .data                                    0x20000010   Section       12  data.o(.data)
    i                                        0x20000010   Data           1  data.o(.data)
    .data                                    0x2000001c   Section        4  stdio_streams.o(.data)
    .data                                    0x20000020   Section        4  stdio_streams.o(.data)
    .data                                    0x20000024   Section        4  stdio_streams.o(.data)
    .bss                                     0x20000028   Section      192  main.o(.bss)
    .bss                                     0x200000e8   Section       84  stdio_streams.o(.bss)
    .bss                                     0x2000013c   Section       84  stdio_streams.o(.bss)
    .bss                                     0x20000190   Section       84  stdio_streams.o(.bss)
    .bss                                     0x200001e4   Section       96  libspace.o(.bss)
    HEAP                                     0x20000248   Section      512  startup_stm32f103xe.o(HEAP)
    Heap_Mem                                 0x20000248   Data         512  startup_stm32f103xe.o(HEAP)
    STACK                                    0x20000448   Section     1024  startup_stm32f103xe.o(STACK)
    Stack_Mem                                0x20000448   Data        1024  startup_stm32f103xe.o(STACK)
    __initial_sp                             0x20000848   Data           0  startup_stm32f103xe.o(STACK)

    Global Symbols

    Symbol Name                              Value     Ov Type        Size  Object(Section)

    BuildAttributes$$THM_ISAv4$P$D$K$B$S$PE$A:L22UL41UL21$X:L11$S22US41US21$IEEE1$IW$USESV6$~STKCKD$USESV7$~SHL$OTIME$ROPI$IEEEJ$EBA8$UX$STANDARDLIB$REQ8$PRES8$EABIv2 0x00000000   Number         0  anon$$obj.o ABSOLUTE
    __ARM_use_no_argv                        0x00000000   Number         0  main.o ABSOLUTE
    _printf_flags                            0x00000000   Number         0  printf_stubs.o ABSOLUTE
    _printf_return_value                     0x00000000   Number         0  printf_stubs.o ABSOLUTE
    _printf_sizespec                         0x00000000   Number         0  printf_stubs.o ABSOLUTE
    _printf_widthprec                        0x00000000   Number         0  printf_stubs.o ABSOLUTE
    __ARM_exceptions_init                     - Undefined Weak Reference
    __alloca_initialize                       - Undefined Weak Reference
    __arm_fini_                               - Undefined Weak Reference
    __arm_preinit_                            - Undefined Weak Reference
    __cpp_initialize__aeabi_                  - Undefined Weak Reference
    __cxa_finalize                            - Undefined Weak Reference
    __sigvec_lookup                           - Undefined Weak Reference
    __user_heap_extent                        - Undefined Weak Reference
    _atexit_init                              - Undefined Weak Reference
    _call_atexit_fns                          - Undefined Weak Reference
    _clock_init                               - Undefined Weak Reference
    _fp_trap_init                             - Undefined Weak Reference
    _fp_trap_shutdown                         - Undefined Weak Reference
    _get_lc_collate                           - Undefined Weak Reference
    _get_lc_monetary                          - Undefined Weak Reference
    _get_lc_time                              - Undefined Weak Reference
    _getenv_init                              - Undefined Weak Reference
    _handle_redirection                       - Undefined Weak Reference
    _mutex_acquire                            - Undefined Weak Reference
    _mutex_free                               - Undefined Weak Reference
    _mutex_release                            - Undefined Weak Reference
    _printf_mbtowc                            - Undefined Weak Reference
    _printf_wc                                - Undefined Weak Reference
    _rand_init                                - Undefined Weak Reference
    _signal_finish                            - Undefined Weak Reference
    _signal_init                              - Undefined Weak Reference
    __Vectors_Size                           0x00000130   Number         0  startup_stm32f103xe.o ABSOLUTE
    __Vectors                                0x08000000   Data           4  startup_stm32f103xe.o(RESET)
    __Vectors_End                            0x08000130   Data           0  startup_stm32f103xe.o(RESET)
    __main                                   0x08000131   Thumb Code     8  __main.o(!!!main)
    __scatterload                            0x08000139   Thumb Code     0  __scatter.o(!!!scatter)
    __scatterload_rt2                        0x08000139   Thumb Code    44  __scatter.o(!!!scatter)
    __scatterload_rt2_thumb_only             0x08000139   Thumb Code     0  __scatter.o(!!!scatter)
    __scatterload_null                       0x08000147   Thumb Code     0  __scatter.o(!!!scatter)
    __scatterload_copy                       0x0800016d   Thumb Code    26  __scatter_copy.o(!!handler_copy)
    __scatterload_zeroinit                   0x08000189   Thumb Code    28  __scatter_zi.o(!!handler_zi)
    _printf_n                                0x080001a5   Thumb Code     0  _printf_n.o(.ARM.Collect$$_printf_percent$$00000001)
    _printf_percent                          0x080001a5   Thumb Code     0  _printf_percent.o(.ARM.Collect$$_printf_percent$$00000000)
    _printf_p                                0x080001ab   Thumb Code     0  _printf_p.o(.ARM.Collect$$_printf_percent$$00000002)
    _printf_f                                0x080001b1   Thumb Code     0  _printf_f.o(.ARM.Collect$$_printf_percent$$00000003)
    _printf_e                                0x080001b7   Thumb Code     0  _printf_e.o(.ARM.Collect$$_printf_percent$$00000004)
    _printf_g                                0x080001bd   Thumb Code     0  _printf_g.o(.ARM.Collect$$_printf_percent$$00000005)
    _printf_a                                0x080001c3   Thumb Code     0  _printf_a.o(.ARM.Collect$$_printf_percent$$00000006)
    _printf_ll                               0x080001c9   Thumb Code     0  _printf_ll.o(.ARM.Collect$$_printf_percent$$00000007)
    _printf_i                                0x080001d3   Thumb Code     0  _printf_i.o(.ARM.Collect$$_printf_percent$$00000008)
    _printf_d                                0x080001d9   Thumb Code     0  _printf_d.o(.ARM.Collect$$_printf_percent$$00000009)
    _printf_u                                0x080001df   Thumb Code     0  _printf_u.o(.ARM.Collect$$_printf_percent$$0000000A)
    _printf_o                                0x080001e5   Thumb Code     0  _printf_o.o(.ARM.Collect$$_printf_percent$$0000000B)
    _printf_x                                0x080001eb   Thumb Code     0  _printf_x.o(.ARM.Collect$$_printf_percent$$0000000C)
    _printf_lli                              0x080001f1   Thumb Code     0  _printf_lli.o(.ARM.Collect$$_printf_percent$$0000000D)
    _printf_lld                              0x080001f7   Thumb Code     0  _printf_lld.o(.ARM.Collect$$_printf_percent$$0000000E)
    _printf_llu                              0x080001fd   Thumb Code     0  _printf_llu.o(.ARM.Collect$$_printf_percent$$0000000F)
    _printf_llo                              0x08000203   Thumb Code     0  _printf_llo.o(.ARM.Collect$$_printf_percent$$00000010)
    _printf_llx                              0x08000209   Thumb Code     0  _printf_llx.o(.ARM.Collect$$_printf_percent$$00000011)
    _printf_l                                0x0800020f   Thumb Code     0  _printf_l.o(.ARM.Collect$$_printf_percent$$00000012)
    _printf_c                                0x08000219   Thumb Code     0  _printf_c.o(.ARM.Collect$$_printf_percent$$00000013)
    _printf_s                                0x0800021f   Thumb Code     0  _printf_s.o(.ARM.Collect$$_printf_percent$$00000014)
    _printf_lc                               0x08000225   Thumb Code     0  _printf_lc.o(.ARM.Collect$$_printf_percent$$00000015)
    _printf_ls                               0x0800022b   Thumb Code     0  _printf_ls.o(.ARM.Collect$$_printf_percent$$00000016)
    _printf_percent_end                      0x08000231   Thumb Code     0  _printf_percent_end.o(.ARM.Collect$$_printf_percent$$00000017)
    __rt_lib_init                            0x08000235   Thumb Code     0  libinit.o(.ARM.Collect$$libinit$$00000000)
    __rt_lib_init_fp_1                       0x08000237   Thumb Code     0  libinit2.o(.ARM.Collect$$libinit$$00000002)
    __rt_lib_init_heap_2                     0x08000237   Thumb Code     0  libinit2.o(.ARM.Collect$$libinit$$00000005)
    __rt_lib_init_preinit_1                  0x08000237   Thumb Code     0  libinit2.o(.ARM.Collect$$libinit$$00000004)
    __rt_lib_init_heap_1                     0x0800023f   Thumb Code     0  libinit2.o(.ARM.Collect$$libinit$$0000000A)
    __rt_lib_init_lc_common                  0x0800023f   Thumb Code     0  libinit2.o(.ARM.Collect$$libinit$$0000000F)
    __rt_lib_init_rand_1                     0x0800023f   Thumb Code     0  libinit2.o(.ARM.Collect$$libinit$$0000000E)
    __rt_lib_init_user_alloc_1               0x0800023f   Thumb Code     0  libinit2.o(.ARM.Collect$$libinit$$0000000C)
    __rt_lib_init_lc_collate_1               0x08000245   Thumb Code     0  libinit2.o(.ARM.Collect$$libinit$$00000011)
    __rt_lib_init_lc_ctype_2                 0x08000245   Thumb Code     0  libinit2.o(.ARM.Collect$$libinit$$00000012)
    __rt_lib_init_lc_ctype_1                 0x08000251   Thumb Code     0  libinit2.o(.ARM.Collect$$libinit$$00000013)
    __rt_lib_init_lc_monetary_1              0x08000251   Thumb Code     0  libinit2.o(.ARM.Collect$$libinit$$00000015)
    __rt_lib_init_lc_numeric_2               0x08000251   Thumb Code     0  libinit2.o(.ARM.Collect$$libinit$$00000016)
    __rt_lib_init_atexit_1                   0x0800025b   Thumb Code     0  libinit2.o(.ARM.Collect$$libinit$$0000001B)
    __rt_lib_init_clock_1                    0x0800025b   Thumb Code     0  libinit2.o(.ARM.Collect$$libinit$$00000021)
    __rt_lib_init_fp_trap_1                  0x0800025b   Thumb Code     0  libinit2.o(.ARM.Collect$$libinit$$0000001F)
    __rt_lib_init_getenv_1                   0x0800025b   Thumb Code     0  libinit2.o(.ARM.Collect$$libinit$$00000023)
    __rt_lib_init_lc_numeric_1               0x0800025b   Thumb Code     0  libinit2.o(.ARM.Collect$$libinit$$00000017)
    __rt_lib_init_lc_time_1                  0x0800025b   Thumb Code     0  libinit2.o(.ARM.Collect$$libinit$$00000019)
    __rt_lib_init_signal_1                   0x0800025b   Thumb Code     0  libinit2.o(.ARM.Collect$$libinit$$0000001D)
    __rt_lib_init_stdio_2                    0x0800025b   Thumb Code     0  libinit2.o(.ARM.Collect$$libinit$$00000024)
    __rt_lib_init_alloca_1                   0x0800025f   Thumb Code     0  libinit2.o(.ARM.Collect$$libinit$$0000002E)
    __rt_lib_init_argv_1                     0x0800025f   Thumb Code     0  libinit2.o(.ARM.Collect$$libinit$$0000002C)
    __rt_lib_init_cpp_1                      0x0800025f   Thumb Code     0  libinit2.o(.ARM.Collect$$libinit$$00000032)
    __rt_lib_init_exceptions_1               0x0800025f   Thumb Code     0  libinit2.o(.ARM.Collect$$libinit$$00000030)
    __rt_lib_init_return                     0x0800025f   Thumb Code     0  libinit2.o(.ARM.Collect$$libinit$$00000033)
    __rt_lib_init_stdio_1                    0x0800025f   Thumb Code     0  libinit2.o(.ARM.Collect$$libinit$$00000025)
    __rt_lib_shutdown                        0x08000261   Thumb Code     0  libshutdown.o(.ARM.Collect$$libshutdown$$00000000)
    __rt_lib_shutdown_cpp_1                  0x08000263   Thumb Code     0  libshutdown2.o(.ARM.Collect$$libshutdown$$00000004)
    __rt_lib_shutdown_fini_1                 0x08000263   Thumb Code     0  libshutdown2.o(.ARM.Collect$$libshutdown$$00000002)
    __rt_lib_shutdown_stdio_2                0x08000263   Thumb Code     0  libshutdown2.o(.ARM.Collect$$libshutdown$$00000005)
    __rt_lib_shutdown_fp_trap_1              0x08000267   Thumb Code     0  libshutdown2.o(.ARM.Collect$$libshutdown$$00000009)
    __rt_lib_shutdown_heap_1                 0x08000267   Thumb Code     0  libshutdown2.o(.ARM.Collect$$libshutdown$$00000011)
    __rt_lib_shutdown_return                 0x08000267   Thumb Code     0  libshutdown2.o(.ARM.Collect$$libshutdown$$00000012)
    __rt_lib_shutdown_signal_1               0x08000267   Thumb Code     0  libshutdown2.o(.ARM.Collect$$libshutdown$$0000000C)
    __rt_lib_shutdown_stdio_1                0x08000267   Thumb Code     0  libshutdown2.o(.ARM.Collect$$libshutdown$$00000006)
    __rt_lib_shutdown_user_alloc_1           0x08000267   Thumb Code     0  libshutdown2.o(.ARM.Collect$$libshutdown$$0000000E)
    __rt_entry                               0x08000269   Thumb Code     0  __rtentry.o(.ARM.Collect$$rtentry$$00000000)
    __rt_entry_presh_1                       0x08000269   Thumb Code     0  __rtentry2.o(.ARM.Collect$$rtentry$$00000002)
    __rt_entry_sh                            0x08000269   Thumb Code     0  __rtentry4.o(.ARM.Collect$$rtentry$$00000004)
    __rt_entry_li                            0x0800026f   Thumb Code     0  __rtentry2.o(.ARM.Collect$$rtentry$$0000000A)
    __rt_entry_postsh_1                      0x0800026f   Thumb Code     0  __rtentry2.o(.ARM.Collect$$rtentry$$00000009)
    __rt_entry_main                          0x08000273   Thumb Code     0  __rtentry2.o(.ARM.Collect$$rtentry$$0000000D)
    __rt_entry_postli_1                      0x08000273   Thumb Code     0  __rtentry2.o(.ARM.Collect$$rtentry$$0000000C)
    __rt_exit                                0x0800027b   Thumb Code     0  rtexit.o(.ARM.Collect$$rtexit$$00000000)
    __rt_exit_ls                             0x0800027d   Thumb Code     0  rtexit2.o(.ARM.Collect$$rtexit$$00000003)
    __rt_exit_prels_1                        0x0800027d   Thumb Code     0  rtexit2.o(.ARM.Collect$$rtexit$$00000002)
    __rt_exit_exit                           0x08000281   Thumb Code     0  rtexit2.o(.ARM.Collect$$rtexit$$00000004)
    Reset_Handler                            0x08000289   Thumb Code     8  startup_stm32f103xe.o(.text)
    _maybe_terminate_alloc                   0x08000289   Thumb Code     0  maybetermalloc1.o(.emb_text)
    ADC1_2_IRQHandler                        0x080002a3   Thumb Code     0  startup_stm32f103xe.o(.text)
    ADC3_IRQHandler                          0x080002a3   Thumb Code     0  startup_stm32f103xe.o(.text)
    CAN1_RX1_IRQHandler                      0x080002a3   Thumb Code     0  startup_stm32f103xe.o(.text)
    CAN1_SCE_IRQHandler                      0x080002a3   Thumb Code     0  startup_stm32f103xe.o(.text)
    DMA1_Channel1_IRQHandler                 0x080002a3   Thumb Code     0  startup_stm32f103xe.o(.text)
    DMA1_Channel2_IRQHandler                 0x080002a3   Thumb Code     0  startup_stm32f103xe.o(.text)
    DMA1_Channel3_IRQHandler                 0x080002a3   Thumb Code     0  startup_stm32f103xe.o(.text)
    DMA1_Channel4_IRQHandler                 0x080002a3   Thumb Code     0  startup_stm32f103xe.o(.text)
    DMA1_Channel5_IRQHandler                 0x080002a3   Thumb Code     0  startup_stm32f103xe.o(.text)
    DMA1_Channel6_IRQHandler                 0x080002a3   Thumb Code     0  startup_stm32f103xe.o(.text)
    DMA1_Channel7_IRQHandler                 0x080002a3   Thumb Code     0  startup_stm32f103xe.o(.text)
    DMA2_Channel1_IRQHandler                 0x080002a3   Thumb Code     0  startup_stm32f103xe.o(.text)
    DMA2_Channel2_IRQHandler                 0x080002a3   Thumb Code     0  startup_stm32f103xe.o(.text)
    DMA2_Channel3_IRQHandler                 0x080002a3   Thumb Code     0  startup_stm32f103xe.o(.text)
    DMA2_Channel4_5_IRQHandler               0x080002a3   Thumb Code     0  startup_stm32f103xe.o(.text)
    EXTI0_IRQHandler                         0x080002a3   Thumb Code     0  startup_stm32f103xe.o(.text)
    EXTI15_10_IRQHandler                     0x080002a3   Thumb Code     0  startup_stm32f103xe.o(.text)
    EXTI1_IRQHandler                         0x080002a3   Thumb Code     0  startup_stm32f103xe.o(.text)
    EXTI2_IRQHandler                         0x080002a3   Thumb Code     0  startup_stm32f103xe.o(.text)
    EXTI3_IRQHandler                         0x080002a3   Thumb Code     0  startup_stm32f103xe.o(.text)
    EXTI4_IRQHandler                         0x080002a3   Thumb Code     0  startup_stm32f103xe.o(.text)
    EXTI9_5_IRQHandler                       0x080002a3   Thumb Code     0  startup_stm32f103xe.o(.text)
    FLASH_IRQHandler                         0x080002a3   Thumb Code     0  startup_stm32f103xe.o(.text)
    FSMC_IRQHandler                          0x080002a3   Thumb Code     0  startup_stm32f103xe.o(.text)
    I2C1_ER_IRQHandler                       0x080002a3   Thumb Code     0  startup_stm32f103xe.o(.text)
    I2C1_EV_IRQHandler                       0x080002a3   Thumb Code     0  startup_stm32f103xe.o(.text)
    I2C2_ER_IRQHandler                       0x080002a3   Thumb Code     0  startup_stm32f103xe.o(.text)
    I2C2_EV_IRQHandler                       0x080002a3   Thumb Code     0  startup_stm32f103xe.o(.text)
    PVD_IRQHandler                           0x080002a3   Thumb Code     0  startup_stm32f103xe.o(.text)
    RCC_IRQHandler                           0x080002a3   Thumb Code     0  startup_stm32f103xe.o(.text)
    RTC_Alarm_IRQHandler                     0x080002a3   Thumb Code     0  startup_stm32f103xe.o(.text)
    RTC_IRQHandler                           0x080002a3   Thumb Code     0  startup_stm32f103xe.o(.text)
    SDIO_IRQHandler                          0x080002a3   Thumb Code     0  startup_stm32f103xe.o(.text)
    SPI1_IRQHandler                          0x080002a3   Thumb Code     0  startup_stm32f103xe.o(.text)
    SPI2_IRQHandler                          0x080002a3   Thumb Code     0  startup_stm32f103xe.o(.text)
    SPI3_IRQHandler                          0x080002a3   Thumb Code     0  startup_stm32f103xe.o(.text)
    TAMPER_IRQHandler                        0x080002a3   Thumb Code     0  startup_stm32f103xe.o(.text)
    TIM1_BRK_IRQHandler                      0x080002a3   Thumb Code     0  startup_stm32f103xe.o(.text)
    TIM1_CC_IRQHandler                       0x080002a3   Thumb Code     0  startup_stm32f103xe.o(.text)
    TIM1_TRG_COM_IRQHandler                  0x080002a3   Thumb Code     0  startup_stm32f103xe.o(.text)
    TIM1_UP_IRQHandler                       0x080002a3   Thumb Code     0  startup_stm32f103xe.o(.text)
    TIM3_IRQHandler                          0x080002a3   Thumb Code     0  startup_stm32f103xe.o(.text)
    TIM4_IRQHandler                          0x080002a3   Thumb Code     0  startup_stm32f103xe.o(.text)
    TIM5_IRQHandler                          0x080002a3   Thumb Code     0  startup_stm32f103xe.o(.text)
    TIM6_IRQHandler                          0x080002a3   Thumb Code     0  startup_stm32f103xe.o(.text)
    TIM7_IRQHandler                          0x080002a3   Thumb Code     0  startup_stm32f103xe.o(.text)
    TIM8_BRK_IRQHandler                      0x080002a3   Thumb Code     0  startup_stm32f103xe.o(.text)
    TIM8_CC_IRQHandler                       0x080002a3   Thumb Code     0  startup_stm32f103xe.o(.text)
    TIM8_TRG_COM_IRQHandler                  0x080002a3   Thumb Code     0  startup_stm32f103xe.o(.text)
    TIM8_UP_IRQHandler                       0x080002a3   Thumb Code     0  startup_stm32f103xe.o(.text)
    UART4_IRQHandler                         0x080002a3   Thumb Code     0  startup_stm32f103xe.o(.text)
    UART5_IRQHandler                         0x080002a3   Thumb Code     0  startup_stm32f103xe.o(.text)
    USART2_IRQHandler                        0x080002a3   Thumb Code     0  startup_stm32f103xe.o(.text)
    USART3_IRQHandler                        0x080002a3   Thumb Code     0  startup_stm32f103xe.o(.text)
    USBWakeUp_IRQHandler                     0x080002a3   Thumb Code     0  startup_stm32f103xe.o(.text)
    USB_HP_CAN1_TX_IRQHandler                0x080002a3   Thumb Code     0  startup_stm32f103xe.o(.text)
    USB_LP_CAN1_RX0_IRQHandler               0x080002a3   Thumb Code     0  startup_stm32f103xe.o(.text)
    WWDG_IRQHandler                          0x080002a3   Thumb Code     0  startup_stm32f103xe.o(.text)
    __user_initial_stackheap                 0x080002a5   Thumb Code     0  startup_stm32f103xe.o(.text)
    malloc                                   0x080002c9   Thumb Code    94  h1_alloc.o(.text)
    free                                     0x08000327   Thumb Code    78  h1_free.o(.text)
    vsprintf                                 0x08000375   Thumb Code    32  vsprintf.o(.text)
    __2printf                                0x08000399   Thumb Code    20  __2printf.o(.text)
    _printf_int_dec                          0x080003b1   Thumb Code   104  _printf_dec.o(.text)
    __printf                                 0x08000429   Thumb Code   388  __printf_flags_ss_wp.o(.text)
    __aeabi_memclr4                          0x080005b1   Thumb Code     0  rt_memclr_w.o(.text)
    __aeabi_memclr8                          0x080005b1   Thumb Code     0  rt_memclr_w.o(.text)
    __rt_memclr_w                            0x080005b1   Thumb Code    78  rt_memclr_w.o(.text)
    _memset_w                                0x080005b5   Thumb Code     0  rt_memclr_w.o(.text)
    __use_two_region_memory                  0x080005ff   Thumb Code     2  heapauxi.o(.text)
    __rt_heap_escrow                         0x08000601   Thumb Code     2  heapauxi.o(.text)
    __rt_heap_expand                         0x08000603   Thumb Code     2  heapauxi.o(.text)
    __rt_heap_descriptor                     0x08000605   Thumb Code     8  rt_heap_descriptor_intlibspace.o(.text)
    __use_no_heap                            0x0800060d   Thumb Code     2  hguard.o(.text)
    __heap$guard                             0x0800060f   Thumb Code     2  hguard.o(.text)
    _terminate_user_alloc                    0x08000611   Thumb Code     2  init_alloc.o(.text)
    _init_user_alloc                         0x08000613   Thumb Code     2  init_alloc.o(.text)
    __Heap_Full                              0x08000615   Thumb Code    34  init_alloc.o(.text)
    __Heap_Broken                            0x08000637   Thumb Code     6  init_alloc.o(.text)
    _init_alloc                              0x0800063d   Thumb Code    94  init_alloc.o(.text)
    __Heap_Initialize                        0x0800069b   Thumb Code    10  h1_init.o(.text)
    __Heap_DescSize                          0x080006a5   Thumb Code     4  h1_init.o(.text)
    _printf_pre_padding                      0x080006a9   Thumb Code    44  _printf_pad.o(.text)
    _printf_post_padding                     0x080006d5   Thumb Code    34  _printf_pad.o(.text)
    _printf_truncate_signed                  0x080006f7   Thumb Code    18  _printf_truncate.o(.text)
    _printf_truncate_unsigned                0x08000709   Thumb Code    18  _printf_truncate.o(.text)
    _printf_str                              0x0800071b   Thumb Code    82  _printf_str.o(.text)
    _printf_int_common                       0x0800076d   Thumb Code   178  _printf_intcommon.o(.text)
    _printf_charcount                        0x0800081f   Thumb Code    40  _printf_charcount.o(.text)
    _printf_char_common                      0x08000853   Thumb Code    32  _printf_char_common.o(.text)
    _sputc                                   0x08000879   Thumb Code    10  _sputc.o(.text)
    _printf_char_file                        0x08000885   Thumb Code    32  _printf_char_file.o(.text)
    _printf_wctomb                           0x080008a9   Thumb Code   182  _printf_wctomb.o(.text)
    _printf_longlong_dec                     0x08000965   Thumb Code   108  _printf_longlong_dec.o(.text)
    _printf_longlong_oct                     0x080009e1   Thumb Code    66  _printf_oct_int_ll.o(.text)
    _printf_int_oct                          0x08000a23   Thumb Code    24  _printf_oct_int_ll.o(.text)
    _printf_ll_oct                           0x08000a3b   Thumb Code    12  _printf_oct_int_ll.o(.text)
    _printf_longlong_hex                     0x08000a51   Thumb Code    86  _printf_hex_int_ll_ptr.o(.text)
    _printf_int_hex                          0x08000aa7   Thumb Code    28  _printf_hex_int_ll_ptr.o(.text)
    _printf_ll_hex                           0x08000ac3   Thumb Code    12  _printf_hex_int_ll_ptr.o(.text)
    _printf_hex_ptr                          0x08000acf   Thumb Code    18  _printf_hex_int_ll_ptr.o(.text)
    __user_libspace                          0x08000ae5   Thumb Code     8  libspace.o(.text)
    __user_perproc_libspace                  0x08000ae5   Thumb Code     0  libspace.o(.text)
    __user_perthread_libspace                0x08000ae5   Thumb Code     0  libspace.o(.text)
    __Heap_ProvideMemory                     0x08000aed   Thumb Code    52  h1_extend.o(.text)
    _ll_udiv10                               0x08000b21   Thumb Code   138  lludiv10.o(.text)
    __lib_sel_fp_printf                      0x08000bab   Thumb Code     2  _printf_fp_dec.o(.text)
    _printf_fp_dec_real                      0x08000d5d   Thumb Code   620  _printf_fp_dec.o(.text)
    _printf_fp_hex_real                      0x08000fc9   Thumb Code   756  _printf_fp_hex.o(.text)
    _printf_cs_common                        0x080012c5   Thumb Code    20  _printf_char.o(.text)
    _printf_char                             0x080012d9   Thumb Code    16  _printf_char.o(.text)
    _printf_string                           0x080012e9   Thumb Code     8  _printf_char.o(.text)
    _printf_lcs_common                       0x080012f1   Thumb Code    20  _printf_wchar.o(.text)
    _printf_wchar                            0x08001305   Thumb Code    16  _printf_wchar.o(.text)
    _printf_wstring                          0x08001315   Thumb Code     8  _printf_wchar.o(.text)
    ferror                                   0x0800131d   Thumb Code     8  ferror.o(.text)
    _initio                                  0x08001325   Thumb Code   210  initio.o(.text)
    _terminateio                             0x080013f7   Thumb Code    56  initio.o(.text)
    _wcrtomb                                 0x0800145d   Thumb Code    64  _wcrtomb.o(.text)
    __rt_SIGRTMEM                            0x0800149d   Thumb Code    14  defsig_rtmem_outer.o(.text)
    _sys_open                                0x080014ab   Thumb Code    20  sys_io.o(.text)
    _sys_close                               0x080014bf   Thumb Code    12  sys_io.o(.text)
    _sys_write                               0x080014cb   Thumb Code    16  sys_io.o(.text)
    _sys_read                                0x080014db   Thumb Code    14  sys_io.o(.text)
    _sys_istty                               0x080014e9   Thumb Code    12  sys_io.o(.text)
    _sys_seek                                0x080014f5   Thumb Code    14  sys_io.o(.text)
    _sys_ensure                              0x08001503   Thumb Code     2  sys_io.o(.text)
    _sys_flen                                0x08001505   Thumb Code    12  sys_io.o(.text)
    __I$use$semihosting                      0x08001511   Thumb Code     0  use_no_semi.o(.text)
    __use_no_semihosting_swi                 0x08001511   Thumb Code     2  use_no_semi.o(.text)
    __semihosting_library_function           0x08001513   Thumb Code     0  indicate_semi.o(.text)
    __user_setup_stackheap                   0x08001513   Thumb Code    74  sys_stackheap_outer.o(.text)
    __rt_ctype_table                         0x0800155d   Thumb Code    16  rt_ctype_table.o(.text)
    __rt_locale                              0x0800156d   Thumb Code     8  rt_locale_intlibspace.o(.text)
    _printf_fp_infnan                        0x08001575   Thumb Code   112  _printf_fp_infnan.o(.text)
    _btod_etento                             0x080015f5   Thumb Code   224  bigflt0.o(.text)
    __flsbuf                                 0x080016d9   Thumb Code   470  flsbuf.o(.text)
    __flsbuf_byte                            0x080016d9   Thumb Code     0  flsbuf.o(.text)
    __flsbuf_wide                            0x080016d9   Thumb Code     0  flsbuf.o(.text)
    setvbuf                                  0x080018af   Thumb Code    70  setvbuf.o(.text)
    freopen                                  0x080018f5   Thumb Code   158  fopen.o(.text)
    fopen                                    0x08001993   Thumb Code    74  fopen.o(.text)
    _fclose_internal                         0x080019e1   Thumb Code    76  fclose.o(.text)
    fclose                                   0x080019e1   Thumb Code     0  fclose.o(.text)
    exit                                     0x08001a2d   Thumb Code    18  exit.o(.text)
    __sig_exit                               0x08001a3f   Thumb Code    10  defsig_exit.o(.text)
    __rt_SIGRTRED                            0x08001a49   Thumb Code    14  defsig_rtred_outer.o(.text)
    __rt_SIGRTMEM_inner                      0x08001a59   Thumb Code    22  defsig_rtmem_inner.o(.text)
    _sys_exit                                0x08001aa9   Thumb Code     8  sys_exit.o(.text)
    _fseek                                   0x08001ab5   Thumb Code   242  fseek.o(.text)
    fseek                                    0x08001ab5   Thumb Code     0  fseek.o(.text)
    _seterr                                  0x08001bad   Thumb Code    20  stdio.o(.text)
    _writebuf                                0x08001bc1   Thumb Code    84  stdio.o(.text)
    _fflush                                  0x08001c15   Thumb Code    70  stdio.o(.text)
    _deferredlazyseek                        0x08001c5b   Thumb Code    60  stdio.o(.text)
    __default_signal_display                 0x08001c9d   Thumb Code    50  defsig_general.o(.text)
    __rt_SIGRTRED_inner                      0x08001cd1   Thumb Code    14  defsig_rtred_inner.o(.text)
    strlen                                   0x08001d05   Thumb Code    62  strlen.o(.text)
    strcmp                                   0x08001d45   Thumb Code   128  strcmpv7m.o(.text)
    _ttywrch                                 0x08001dc5   Thumb Code    14  sys_wrch.o(.text)
    _ftell_internal                          0x08001dd3   Thumb Code    66  ftell.o(.text)
    ftell                                    0x08001dd3   Thumb Code     0  ftell.o(.text)
    __aeabi_errno_addr                       0x08001e15   Thumb Code     8  rt_errno_addr_intlibspace.o(.text)
    __errno$intlibspace                      0x08001e15   Thumb Code     0  rt_errno_addr_intlibspace.o(.text)
    __rt_errno_addr$intlibspace              0x08001e15   Thumb Code     0  rt_errno_addr_intlibspace.o(.text)
    _btod_d2e                                0x08001e1d   Thumb Code    62  btod.o(CL$$btod_d2e)
    _d2e_denorm_low                          0x08001e5b   Thumb Code    70  btod.o(CL$$btod_d2e_denorm_low)
    _d2e_norm_op1                            0x08001ea1   Thumb Code    96  btod.o(CL$$btod_d2e_norm_op1)
    __btod_div_common                        0x08001f01   Thumb Code   696  btod.o(CL$$btod_div_common)
    _e2e                                     0x08002239   Thumb Code   220  btod.o(CL$$btod_e2e)
    _btod_ediv                               0x08002315   Thumb Code    42  btod.o(CL$$btod_ediv)
    _btod_emul                               0x0800233f   Thumb Code    42  btod.o(CL$$btod_emul)
    __btod_mult_common                       0x08002369   Thumb Code   580  btod.o(CL$$btod_mult_common)
    ADC_ConversionStop_Disable               0x080025ad   Thumb Code    86  stm32f1xx_hal_adc.o(i.ADC_ConversionStop_Disable)
    ADC_Enable                               0x08002605   Thumb Code   114  stm32f1xx_hal_adc.o(i.ADC_Enable)
    BusFault_Handler                         0x08002681   Thumb Code     2  stm32f1xx_it.o(i.BusFault_Handler)
    DebugMon_Handler                         0x08002683   Thumb Code     2  stm32f1xx_it.o(i.DebugMon_Handler)
    Error_Handler                            0x08002685   Thumb Code    10  main.o(i.Error_Handler)
    HAL_ADC_ConfigChannel                    0x08002699   Thumb Code   476  stm32f1xx_hal_adc.o(i.HAL_ADC_ConfigChannel)
    HAL_ADC_GetValue                         0x080028c1   Thumb Code    40  stm32f1xx_hal_adc.o(i.HAL_ADC_GetValue)
    HAL_ADC_Init                             0x0800292d   Thumb Code   484  stm32f1xx_hal_adc.o(i.HAL_ADC_Init)
    HAL_ADC_MspInit                          0x08002b61   Thumb Code    76  stm32f1xx_hal_msp.o(i.HAL_ADC_MspInit)
    HAL_ADC_PollForConversion                0x08002bb9   Thumb Code   334  stm32f1xx_hal_adc.o(i.HAL_ADC_PollForConversion)
    HAL_ADC_Start                            0x08002d59   Thumb Code   214  stm32f1xx_hal_adc.o(i.HAL_ADC_Start)
    HAL_ADC_Stop                             0x08002e75   Thumb Code    82  stm32f1xx_hal_adc.o(i.HAL_ADC_Stop)
    HAL_DMA_Abort                            0x08002f0d   Thumb Code    70  stm32f1xx_hal_dma.o(i.HAL_DMA_Abort)
    HAL_DMA_Abort_IT                         0x08002f55   Thumb Code   296  stm32f1xx_hal_dma.o(i.HAL_DMA_Abort_IT)
    HAL_GPIO_Init                            0x08003085   Thumb Code   708  stm32f1xx_hal_gpio.o(i.HAL_GPIO_Init)
    HAL_GetTick                              0x080033d1   Thumb Code     6  stm32f1xx_hal.o(i.HAL_GetTick)
    HAL_IncTick                              0x080033dd   Thumb Code    12  stm32f1xx_hal.o(i.HAL_IncTick)
    HAL_Init                                 0x080033ed   Thumb Code    32  stm32f1xx_hal.o(i.HAL_Init)
    HAL_InitTick                             0x08003411   Thumb Code    54  stm32f1xx_hal.o(i.HAL_InitTick)
    HAL_MspInit                              0x08003451   Thumb Code    52  stm32f1xx_hal_msp.o(i.HAL_MspInit)
    HAL_NVIC_EnableIRQ                       0x0800348d   Thumb Code    40  stm32f1xx_hal_cortex.o(i.HAL_NVIC_EnableIRQ)
    HAL_NVIC_SetPriority                     0x080034f1   Thumb Code    94  stm32f1xx_hal_cortex.o(i.HAL_NVIC_SetPriority)
    HAL_NVIC_SetPriorityGrouping             0x08003591   Thumb Code    58  stm32f1xx_hal_cortex.o(i.HAL_NVIC_SetPriorityGrouping)
    HAL_RCCEx_GetPeriphCLKFreq               0x08003611   Thumb Code   198  stm32f1xx_hal_rcc_ex.o(i.HAL_RCCEx_GetPeriphCLKFreq)
    HAL_RCCEx_PeriphCLKConfig                0x08003725   Thumb Code   340  stm32f1xx_hal_rcc_ex.o(i.HAL_RCCEx_PeriphCLKConfig)
    HAL_RCC_ClockConfig                      0x080038c1   Thumb Code   480  stm32f1xx_hal_rcc.o(i.HAL_RCC_ClockConfig)
    HAL_RCC_GetPCLK1Freq                     0x08003aed   Thumb Code    20  stm32f1xx_hal_rcc.o(i.HAL_RCC_GetPCLK1Freq)
    HAL_RCC_GetPCLK2Freq                     0x08003b0d   Thumb Code    20  stm32f1xx_hal_rcc.o(i.HAL_RCC_GetPCLK2Freq)
    HAL_RCC_GetSysClockFreq                  0x08003b2d   Thumb Code    58  stm32f1xx_hal_rcc.o(i.HAL_RCC_GetSysClockFreq)
    HAL_RCC_OscConfig                        0x08003b79   Thumb Code  1166  stm32f1xx_hal_rcc.o(i.HAL_RCC_OscConfig)
    HAL_SYSTICK_Config                       0x08004007   Thumb Code    40  stm32f1xx_hal_cortex.o(i.HAL_SYSTICK_Config)
    HAL_TIMEx_BreakCallback                  0x0800402f   Thumb Code     2  stm32f1xx_hal_tim_ex.o(i.HAL_TIMEx_BreakCallback)
    HAL_TIMEx_CommutCallback                 0x08004031   Thumb Code     2  stm32f1xx_hal_tim_ex.o(i.HAL_TIMEx_CommutCallback)
    HAL_TIMEx_MasterConfigSynchronization    0x08004035   Thumb Code   228  stm32f1xx_hal_tim_ex.o(i.HAL_TIMEx_MasterConfigSynchronization)
    HAL_TIM_Base_Init                        0x08004171   Thumb Code   246  stm32f1xx_hal_tim.o(i.HAL_TIM_Base_Init)
    HAL_TIM_Base_MspInit                     0x080042bd   Thumb Code    50  stm32f1xx_hal_msp.o(i.HAL_TIM_Base_MspInit)
    HAL_TIM_ConfigClockSource                0x080042f5   Thumb Code   842  stm32f1xx_hal_tim.o(i.HAL_TIM_ConfigClockSource)
    HAL_TIM_IC_CaptureCallback               0x08004695   Thumb Code     2  stm32f1xx_hal_tim.o(i.HAL_TIM_IC_CaptureCallback)
    HAL_TIM_IRQHandler                       0x08004697   Thumb Code   304  stm32f1xx_hal_tim.o(i.HAL_TIM_IRQHandler)
    HAL_TIM_OC_DelayElapsedCallback          0x080047c7   Thumb Code     2  stm32f1xx_hal_tim.o(i.HAL_TIM_OC_DelayElapsedCallback)
    HAL_TIM_PWM_PulseFinishedCallback        0x080047c9   Thumb Code     2  stm32f1xx_hal_tim.o(i.HAL_TIM_PWM_PulseFinishedCallback)
    HAL_TIM_PeriodElapsedCallback            0x080047cd   Thumb Code    74  data.o(i.HAL_TIM_PeriodElapsedCallback)
    HAL_TIM_TriggerCallback                  0x08004825   Thumb Code     2  stm32f1xx_hal_tim.o(i.HAL_TIM_TriggerCallback)
    HAL_UARTEx_RxEventCallback               0x08004827   Thumb Code     2  stm32f1xx_hal_uart.o(i.HAL_UARTEx_RxEventCallback)
    HAL_UART_ErrorCallback                   0x08004829   Thumb Code     2  stm32f1xx_hal_uart.o(i.HAL_UART_ErrorCallback)
    HAL_UART_IRQHandler                      0x0800482d   Thumb Code   616  stm32f1xx_hal_uart.o(i.HAL_UART_IRQHandler)
    HAL_UART_Init                            0x08004a99   Thumb Code   218  stm32f1xx_hal_uart.o(i.HAL_UART_Init)
    HAL_UART_MspInit                         0x08004bc5   Thumb Code   116  stm32f1xx_hal_msp.o(i.HAL_UART_MspInit)
    HAL_UART_RxCpltCallback                  0x08004c45   Thumb Code     2  stm32f1xx_hal_uart.o(i.HAL_UART_RxCpltCallback)
    HAL_UART_Transmit                        0x08004c47   Thumb Code   160  stm32f1xx_hal_uart.o(i.HAL_UART_Transmit)
    HAL_UART_TxCpltCallback                  0x08004ce7   Thumb Code     2  stm32f1xx_hal_uart.o(i.HAL_UART_TxCpltCallback)
    HardFault_Handler                        0x08004ce9   Thumb Code     2  stm32f1xx_it.o(i.HardFault_Handler)
    MemManage_Handler                        0x08004d99   Thumb Code     2  stm32f1xx_it.o(i.MemManage_Handler)
    NMI_Handler                              0x08004d9b   Thumb Code     2  stm32f1xx_it.o(i.NMI_Handler)
    PendSV_Handler                           0x08004d9d   Thumb Code     2  stm32f1xx_it.o(i.PendSV_Handler)
    SVC_Handler                              0x08004d9f   Thumb Code     2  stm32f1xx_it.o(i.SVC_Handler)
    SysTick_Handler                          0x08004da1   Thumb Code     4  stm32f1xx_it.o(i.SysTick_Handler)
    SystemClock_Config                       0x08004da5   Thumb Code   110  main.o(i.SystemClock_Config)
    SystemInit                               0x08004e13   Thumb Code     2  system_stm32f1xx.o(i.SystemInit)
    TIM2_IRQHandler                          0x08004e15   Thumb Code     6  stm32f1xx_it.o(i.TIM2_IRQHandler)
    TIM_Base_SetConfig                       0x08004e21   Thumb Code   134  stm32f1xx_hal_tim.o(i.TIM_Base_SetConfig)
    TIM_ETR_SetConfig                        0x08004ebd   Thumb Code    20  stm32f1xx_hal_tim.o(i.TIM_ETR_SetConfig)
    USART1_IRQHandler                        0x08005209   Thumb Code     6  stm32f1xx_it.o(i.USART1_IRQHandler)
    UsageFault_Handler                       0x08005215   Thumb Code     2  stm32f1xx_it.o(i.UsageFault_Handler)
    __ARM_fpclassify                         0x08005217   Thumb Code    40  fpclassify.o(i.__ARM_fpclassify)
    _is_digit                                0x0800525f   Thumb Code    14  __printf_wp.o(i._is_digit)
    assert_failed                            0x0800526d   Thumb Code     2  main.o(i.assert_failed)
    deleteFront                              0x08005271   Thumb Code    44  deque.o(i.deleteFront)
    fputc                                    0x080052b1   Thumb Code    26  fputc.o(i.fputc)
    insertRear                               0x080052cb   Thumb Code    36  deque.o(i.insertRear)
    main                                     0x080052f1   Thumb Code    98  main.o(i.main)
    my_uart1_printf                          0x0800536d   Thumb Code    56  main.o(i.my_uart1_printf)
    _get_lc_numeric                          0x080053a9   Thumb Code    44  lc_numeric_c.o(locale$$code)
    _get_lc_ctype                            0x080053d5   Thumb Code    44  lc_ctype_c.o(locale$$code)
    _printf_fp_dec                           0x08005401   Thumb Code     4  printf1.o(x$fpl$printf1)
    _printf_fp_hex                           0x08005405   Thumb Code     4  printf2.o(x$fpl$printf2)
    __I$use$fp                               0x08005408   Number         0  usenofp.o(x$fpl$usenofp)
    AHBPrescTable                            0x0800542c   Data          16  system_stm32f1xx.o(.constdata)
    APBPrescTable                            0x0800543c   Data           8  system_stm32f1xx.o(.constdata)
    __stdin_name                             0x080054ae   Data           4  sys_io.o(.constdata)
    __stdout_name                            0x080054b2   Data           4  sys_io.o(.constdata)
    __stderr_name                            0x080054b6   Data           4  sys_io.o(.constdata)
    Region$$Table$$Base                      0x08005550   Number         0  anon$$obj.o(Region$$Table)
    Region$$Table$$Limit                     0x08005570   Number         0  anon$$obj.o(Region$$Table)
    __ctype                                  0x08005599   Data           0  lc_ctype_c.o(locale$$data)
    uwTickFreq                               0x20000000   Data           1  stm32f1xx_hal.o(.data)
    uwTickPrio                               0x20000004   Data           4  stm32f1xx_hal.o(.data)
    uwTick                                   0x20000008   Data           4  stm32f1xx_hal.o(.data)
    SystemCoreClock                          0x2000000c   Data           4  system_stm32f1xx.o(.data)
    adc_value                                0x20000014   Data           4  data.o(.data)
    adc_data_deque                           0x20000018   Data           4  data.o(.data)
    __aeabi_stdin                            0x2000001c   Data           4  stdio_streams.o(.data)
    __aeabi_stdout                           0x20000020   Data           4  stdio_streams.o(.data)
    __aeabi_stderr                           0x20000024   Data           4  stdio_streams.o(.data)
    hadc1                                    0x20000028   Data          48  main.o(.bss)
    htim2                                    0x20000058   Data          72  main.o(.bss)
    huart1                                   0x200000a0   Data          72  main.o(.bss)
    __stdin                                  0x200000e8   Data          84  stdio_streams.o(.bss)
    __stdout                                 0x2000013c   Data          84  stdio_streams.o(.bss)
    __stderr                                 0x20000190   Data          84  stdio_streams.o(.bss)
    __libspace_start                         0x200001e4   Data          96  libspace.o(.bss)
    __temporary_stack_top$libspace           0x20000244   Data           0  libspace.o(.bss)



==============================================================================

Memory Map of the image

  Image Entry point : 0x08000131

  Load Region LR_IROM1 (Base: 0x08000000, Size: 0x000056c4, Max: 0x00040000, ABSOLUTE)

    Execution Region ER_IROM1 (Exec base: 0x08000000, Load base: 0x08000000, Size: 0x0000569c, Max: 0x00040000, ABSOLUTE)

    Exec Addr    Load Addr    Size         Type   Attr      Idx    E Section Name        Object

    0x08000000   0x08000000   0x00000130   Data   RO            3    RESET               startup_stm32f103xe.o
    0x08000130   0x08000130   0x00000008   Code   RO         3273  * !!!main             c_w.l(__main.o)
    0x08000138   0x08000138   0x00000034   Code   RO         3693    !!!scatter          c_w.l(__scatter.o)
    0x0800016c   0x0800016c   0x0000001a   Code   RO         3695    !!handler_copy      c_w.l(__scatter_copy.o)
    0x08000186   0x08000186   0x00000002   PAD
    0x08000188   0x08000188   0x0000001c   Code   RO         3697    !!handler_zi        c_w.l(__scatter_zi.o)
    0x080001a4   0x080001a4   0x00000000   Code   RO         3268    .ARM.Collect$$_printf_percent$$00000000  c_w.l(_printf_percent.o)
    0x080001a4   0x080001a4   0x00000006   Code   RO         3353    .ARM.Collect$$_printf_percent$$00000001  c_w.l(_printf_n.o)
    0x080001aa   0x080001aa   0x00000006   Code   RO         3355    .ARM.Collect$$_printf_percent$$00000002  c_w.l(_printf_p.o)
    0x080001b0   0x080001b0   0x00000006   Code   RO         3359    .ARM.Collect$$_printf_percent$$00000003  c_w.l(_printf_f.o)
    0x080001b6   0x080001b6   0x00000006   Code   RO         3360    .ARM.Collect$$_printf_percent$$00000004  c_w.l(_printf_e.o)
    0x080001bc   0x080001bc   0x00000006   Code   RO         3361    .ARM.Collect$$_printf_percent$$00000005  c_w.l(_printf_g.o)
    0x080001c2   0x080001c2   0x00000006   Code   RO         3362    .ARM.Collect$$_printf_percent$$00000006  c_w.l(_printf_a.o)
    0x080001c8   0x080001c8   0x0000000a   Code   RO         3367    .ARM.Collect$$_printf_percent$$00000007  c_w.l(_printf_ll.o)
    0x080001d2   0x080001d2   0x00000006   Code   RO         3357    .ARM.Collect$$_printf_percent$$00000008  c_w.l(_printf_i.o)
    0x080001d8   0x080001d8   0x00000006   Code   RO         3267    .ARM.Collect$$_printf_percent$$00000009  c_w.l(_printf_d.o)
    0x080001de   0x080001de   0x00000006   Code   RO         3358    .ARM.Collect$$_printf_percent$$0000000A  c_w.l(_printf_u.o)
    0x080001e4   0x080001e4   0x00000006   Code   RO         3356    .ARM.Collect$$_printf_percent$$0000000B  c_w.l(_printf_o.o)
    0x080001ea   0x080001ea   0x00000006   Code   RO         3354    .ARM.Collect$$_printf_percent$$0000000C  c_w.l(_printf_x.o)
    0x080001f0   0x080001f0   0x00000006   Code   RO         3364    .ARM.Collect$$_printf_percent$$0000000D  c_w.l(_printf_lli.o)
    0x080001f6   0x080001f6   0x00000006   Code   RO         3365    .ARM.Collect$$_printf_percent$$0000000E  c_w.l(_printf_lld.o)
    0x080001fc   0x080001fc   0x00000006   Code   RO         3366    .ARM.Collect$$_printf_percent$$0000000F  c_w.l(_printf_llu.o)
    0x08000202   0x08000202   0x00000006   Code   RO         3371    .ARM.Collect$$_printf_percent$$00000010  c_w.l(_printf_llo.o)
    0x08000208   0x08000208   0x00000006   Code   RO         3372    .ARM.Collect$$_printf_percent$$00000011  c_w.l(_printf_llx.o)
    0x0800020e   0x0800020e   0x0000000a   Code   RO         3368    .ARM.Collect$$_printf_percent$$00000012  c_w.l(_printf_l.o)
    0x08000218   0x08000218   0x00000006   Code   RO         3351    .ARM.Collect$$_printf_percent$$00000013  c_w.l(_printf_c.o)
    0x0800021e   0x0800021e   0x00000006   Code   RO         3352    .ARM.Collect$$_printf_percent$$00000014  c_w.l(_printf_s.o)
    0x08000224   0x08000224   0x00000006   Code   RO         3369    .ARM.Collect$$_printf_percent$$00000015  c_w.l(_printf_lc.o)
    0x0800022a   0x0800022a   0x00000006   Code   RO         3370    .ARM.Collect$$_printf_percent$$00000016  c_w.l(_printf_ls.o)
    0x08000230   0x08000230   0x00000004   Code   RO         3363    .ARM.Collect$$_printf_percent$$00000017  c_w.l(_printf_percent_end.o)
    0x08000234   0x08000234   0x00000002   Code   RO         3587    .ARM.Collect$$libinit$$00000000  c_w.l(libinit.o)
    0x08000236   0x08000236   0x00000000   Code   RO         3384    .ARM.Collect$$libinit$$00000002  c_w.l(libinit2.o)
    0x08000236   0x08000236   0x00000000   Code   RO         3386    .ARM.Collect$$libinit$$00000004  c_w.l(libinit2.o)
    0x08000236   0x08000236   0x00000008   Code   RO         3387    .ARM.Collect$$libinit$$00000005  c_w.l(libinit2.o)
    0x0800023e   0x0800023e   0x00000000   Code   RO         3389    .ARM.Collect$$libinit$$0000000A  c_w.l(libinit2.o)
    0x0800023e   0x0800023e   0x00000000   Code   RO         3391    .ARM.Collect$$libinit$$0000000C  c_w.l(libinit2.o)
    0x0800023e   0x0800023e   0x00000000   Code   RO         3393    .ARM.Collect$$libinit$$0000000E  c_w.l(libinit2.o)
    0x0800023e   0x0800023e   0x00000006   Code   RO         3394    .ARM.Collect$$libinit$$0000000F  c_w.l(libinit2.o)
    0x08000244   0x08000244   0x00000000   Code   RO         3396    .ARM.Collect$$libinit$$00000011  c_w.l(libinit2.o)
    0x08000244   0x08000244   0x0000000c   Code   RO         3397    .ARM.Collect$$libinit$$00000012  c_w.l(libinit2.o)
    0x08000250   0x08000250   0x00000000   Code   RO         3398    .ARM.Collect$$libinit$$00000013  c_w.l(libinit2.o)
    0x08000250   0x08000250   0x00000000   Code   RO         3400    .ARM.Collect$$libinit$$00000015  c_w.l(libinit2.o)
    0x08000250   0x08000250   0x0000000a   Code   RO         3401    .ARM.Collect$$libinit$$00000016  c_w.l(libinit2.o)
    0x0800025a   0x0800025a   0x00000000   Code   RO         3402    .ARM.Collect$$libinit$$00000017  c_w.l(libinit2.o)
    0x0800025a   0x0800025a   0x00000000   Code   RO         3404    .ARM.Collect$$libinit$$00000019  c_w.l(libinit2.o)
    0x0800025a   0x0800025a   0x00000000   Code   RO         3406    .ARM.Collect$$libinit$$0000001B  c_w.l(libinit2.o)
    0x0800025a   0x0800025a   0x00000000   Code   RO         3408    .ARM.Collect$$libinit$$0000001D  c_w.l(libinit2.o)
    0x0800025a   0x0800025a   0x00000000   Code   RO         3410    .ARM.Collect$$libinit$$0000001F  c_w.l(libinit2.o)
    0x0800025a   0x0800025a   0x00000000   Code   RO         3412    .ARM.Collect$$libinit$$00000021  c_w.l(libinit2.o)
    0x0800025a   0x0800025a   0x00000000   Code   RO         3414    .ARM.Collect$$libinit$$00000023  c_w.l(libinit2.o)
    0x0800025a   0x0800025a   0x00000004   Code   RO         3415    .ARM.Collect$$libinit$$00000024  c_w.l(libinit2.o)
    0x0800025e   0x0800025e   0x00000000   Code   RO         3416    .ARM.Collect$$libinit$$00000025  c_w.l(libinit2.o)
    0x0800025e   0x0800025e   0x00000000   Code   RO         3420    .ARM.Collect$$libinit$$0000002C  c_w.l(libinit2.o)
    0x0800025e   0x0800025e   0x00000000   Code   RO         3422    .ARM.Collect$$libinit$$0000002E  c_w.l(libinit2.o)
    0x0800025e   0x0800025e   0x00000000   Code   RO         3424    .ARM.Collect$$libinit$$00000030  c_w.l(libinit2.o)
    0x0800025e   0x0800025e   0x00000000   Code   RO         3426    .ARM.Collect$$libinit$$00000032  c_w.l(libinit2.o)
    0x0800025e   0x0800025e   0x00000002   Code   RO         3427    .ARM.Collect$$libinit$$00000033  c_w.l(libinit2.o)
    0x08000260   0x08000260   0x00000002   Code   RO         3690    .ARM.Collect$$libshutdown$$00000000  c_w.l(libshutdown.o)
    0x08000262   0x08000262   0x00000000   Code   RO         3589    .ARM.Collect$$libshutdown$$00000002  c_w.l(libshutdown2.o)
    0x08000262   0x08000262   0x00000000   Code   RO         3591    .ARM.Collect$$libshutdown$$00000004  c_w.l(libshutdown2.o)
    0x08000262   0x08000262   0x00000004   Code   RO         3592    .ARM.Collect$$libshutdown$$00000005  c_w.l(libshutdown2.o)
    0x08000266   0x08000266   0x00000000   Code   RO         3593    .ARM.Collect$$libshutdown$$00000006  c_w.l(libshutdown2.o)
    0x08000266   0x08000266   0x00000000   Code   RO         3596    .ARM.Collect$$libshutdown$$00000009  c_w.l(libshutdown2.o)
    0x08000266   0x08000266   0x00000000   Code   RO         3599    .ARM.Collect$$libshutdown$$0000000C  c_w.l(libshutdown2.o)
    0x08000266   0x08000266   0x00000000   Code   RO         3601    .ARM.Collect$$libshutdown$$0000000E  c_w.l(libshutdown2.o)
    0x08000266   0x08000266   0x00000000   Code   RO         3604    .ARM.Collect$$libshutdown$$00000011  c_w.l(libshutdown2.o)
    0x08000266   0x08000266   0x00000002   Code   RO         3605    .ARM.Collect$$libshutdown$$00000012  c_w.l(libshutdown2.o)
    0x08000268   0x08000268   0x00000000   Code   RO         3277    .ARM.Collect$$rtentry$$00000000  c_w.l(__rtentry.o)
    0x08000268   0x08000268   0x00000000   Code   RO         3442    .ARM.Collect$$rtentry$$00000002  c_w.l(__rtentry2.o)
    0x08000268   0x08000268   0x00000006   Code   RO         3454    .ARM.Collect$$rtentry$$00000004  c_w.l(__rtentry4.o)
    0x0800026e   0x0800026e   0x00000000   Code   RO         3444    .ARM.Collect$$rtentry$$00000009  c_w.l(__rtentry2.o)
    0x0800026e   0x0800026e   0x00000004   Code   RO         3445    .ARM.Collect$$rtentry$$0000000A  c_w.l(__rtentry2.o)
    0x08000272   0x08000272   0x00000000   Code   RO         3447    .ARM.Collect$$rtentry$$0000000C  c_w.l(__rtentry2.o)
    0x08000272   0x08000272   0x00000008   Code   RO         3448    .ARM.Collect$$rtentry$$0000000D  c_w.l(__rtentry2.o)
    0x0800027a   0x0800027a   0x00000002   Code   RO         3615    .ARM.Collect$$rtexit$$00000000  c_w.l(rtexit.o)
    0x0800027c   0x0800027c   0x00000000   Code   RO         3649    .ARM.Collect$$rtexit$$00000002  c_w.l(rtexit2.o)
    0x0800027c   0x0800027c   0x00000004   Code   RO         3650    .ARM.Collect$$rtexit$$00000003  c_w.l(rtexit2.o)
    0x08000280   0x08000280   0x00000006   Code   RO         3651    .ARM.Collect$$rtexit$$00000004  c_w.l(rtexit2.o)
    0x08000286   0x08000286   0x00000002   PAD
    0x08000288   0x08000288   0x00000000   Code   RO         3458    .emb_text           c_w.l(maybetermalloc1.o)
    0x08000288   0x08000288   0x00000040   Code   RO            4    .text               startup_stm32f103xe.o
    0x080002c8   0x080002c8   0x0000005e   Code   RO         3177    .text               c_w.l(h1_alloc.o)
    0x08000326   0x08000326   0x0000004e   Code   RO         3179    .text               c_w.l(h1_free.o)
    0x08000374   0x08000374   0x00000024   Code   RO         3237    .text               c_w.l(vsprintf.o)
    0x08000398   0x08000398   0x00000018   Code   RO         3239    .text               c_w.l(__2printf.o)
    0x080003b0   0x080003b0   0x00000078   Code   RO         3245    .text               c_w.l(_printf_dec.o)
    0x08000428   0x08000428   0x00000188   Code   RO         3264    .text               c_w.l(__printf_flags_ss_wp.o)
    0x080005b0   0x080005b0   0x0000004e   Code   RO         3269    .text               c_w.l(rt_memclr_w.o)
    0x080005fe   0x080005fe   0x00000006   Code   RO         3271    .text               c_w.l(heapauxi.o)
    0x08000604   0x08000604   0x00000008   Code   RO         3281    .text               c_w.l(rt_heap_descriptor_intlibspace.o)
    0x0800060c   0x0800060c   0x00000004   Code   RO         3283    .text               c_w.l(hguard.o)
    0x08000610   0x08000610   0x0000008a   Code   RO         3285    .text               c_w.l(init_alloc.o)
    0x0800069a   0x0800069a   0x0000000e   Code   RO         3289    .text               c_w.l(h1_init.o)
    0x080006a8   0x080006a8   0x0000004e   Code   RO         3303    .text               c_w.l(_printf_pad.o)
    0x080006f6   0x080006f6   0x00000024   Code   RO         3305    .text               c_w.l(_printf_truncate.o)
    0x0800071a   0x0800071a   0x00000052   Code   RO         3307    .text               c_w.l(_printf_str.o)
    0x0800076c   0x0800076c   0x000000b2   Code   RO         3309    .text               c_w.l(_printf_intcommon.o)
    0x0800081e   0x0800081e   0x00000028   Code   RO         3311    .text               c_w.l(_printf_charcount.o)
    0x08000846   0x08000846   0x00000002   PAD
    0x08000848   0x08000848   0x00000030   Code   RO         3313    .text               c_w.l(_printf_char_common.o)
    0x08000878   0x08000878   0x0000000a   Code   RO         3315    .text               c_w.l(_sputc.o)
    0x08000882   0x08000882   0x00000002   PAD
    0x08000884   0x08000884   0x00000024   Code   RO         3317    .text               c_w.l(_printf_char_file.o)
    0x080008a8   0x080008a8   0x000000bc   Code   RO         3319    .text               c_w.l(_printf_wctomb.o)
    0x08000964   0x08000964   0x0000007c   Code   RO         3322    .text               c_w.l(_printf_longlong_dec.o)
    0x080009e0   0x080009e0   0x00000070   Code   RO         3328    .text               c_w.l(_printf_oct_int_ll.o)
    0x08000a50   0x08000a50   0x00000094   Code   RO         3348    .text               c_w.l(_printf_hex_int_ll_ptr.o)
    0x08000ae4   0x08000ae4   0x00000008   Code   RO         3438    .text               c_w.l(libspace.o)
    0x08000aec   0x08000aec   0x00000034   Code   RO         3460    .text               c_w.l(h1_extend.o)
    0x08000b20   0x08000b20   0x0000008a   Code   RO         3464    .text               c_w.l(lludiv10.o)
    0x08000baa   0x08000baa   0x0000041e   Code   RO         3466    .text               c_w.l(_printf_fp_dec.o)
    0x08000fc8   0x08000fc8   0x000002fc   Code   RO         3468    .text               c_w.l(_printf_fp_hex.o)
    0x080012c4   0x080012c4   0x0000002c   Code   RO         3473    .text               c_w.l(_printf_char.o)
    0x080012f0   0x080012f0   0x0000002c   Code   RO         3475    .text               c_w.l(_printf_wchar.o)
    0x0800131c   0x0800131c   0x00000008   Code   RO         3477    .text               c_w.l(ferror.o)
    0x08001324   0x08001324   0x00000138   Code   RO         3483    .text               c_w.l(initio.o)
    0x0800145c   0x0800145c   0x00000040   Code   RO         3491    .text               c_w.l(_wcrtomb.o)
    0x0800149c   0x0800149c   0x0000000e   Code   RO         3493    .text               c_w.l(defsig_rtmem_outer.o)
    0x080014aa   0x080014aa   0x00000066   Code   RO         3504    .text               c_w.l(sys_io.o)
    0x08001510   0x08001510   0x00000002   Code   RO         3509    .text               c_w.l(use_no_semi.o)
    0x08001512   0x08001512   0x00000000   Code   RO         3511    .text               c_w.l(indicate_semi.o)
    0x08001512   0x08001512   0x0000004a   Code   RO         3512    .text               c_w.l(sys_stackheap_outer.o)
    0x0800155c   0x0800155c   0x00000010   Code   RO         3514    .text               c_w.l(rt_ctype_table.o)
    0x0800156c   0x0800156c   0x00000008   Code   RO         3521    .text               c_w.l(rt_locale_intlibspace.o)
    0x08001574   0x08001574   0x00000080   Code   RO         3525    .text               c_w.l(_printf_fp_infnan.o)
    0x080015f4   0x080015f4   0x000000e4   Code   RO         3527    .text               c_w.l(bigflt0.o)
    0x080016d8   0x080016d8   0x000001d6   Code   RO         3552    .text               c_w.l(flsbuf.o)
    0x080018ae   0x080018ae   0x00000046   Code   RO         3554    .text               c_w.l(setvbuf.o)
    0x080018f4   0x080018f4   0x000000ec   Code   RO         3557    .text               c_w.l(fopen.o)
    0x080019e0   0x080019e0   0x0000004c   Code   RO         3559    .text               c_w.l(fclose.o)
    0x08001a2c   0x08001a2c   0x00000012   Code   RO         3568    .text               c_w.l(exit.o)
    0x08001a3e   0x08001a3e   0x0000000a   Code   RO         3570    .text               c_w.l(defsig_exit.o)
    0x08001a48   0x08001a48   0x0000000e   Code   RO         3572    .text               c_w.l(defsig_rtred_outer.o)
    0x08001a56   0x08001a56   0x00000002   PAD
    0x08001a58   0x08001a58   0x00000050   Code   RO         3576    .text               c_w.l(defsig_rtmem_inner.o)
    0x08001aa8   0x08001aa8   0x0000000c   Code   RO         3613    .text               c_w.l(sys_exit.o)
    0x08001ab4   0x08001ab4   0x000000f8   Code   RO         3623    .text               c_w.l(fseek.o)
    0x08001bac   0x08001bac   0x000000f0   Code   RO         3625    .text               c_w.l(stdio.o)
    0x08001c9c   0x08001c9c   0x00000032   Code   RO         3636    .text               c_w.l(defsig_general.o)
    0x08001cce   0x08001cce   0x00000002   PAD
    0x08001cd0   0x08001cd0   0x00000034   Code   RO         3638    .text               c_w.l(defsig_rtred_inner.o)
    0x08001d04   0x08001d04   0x0000003e   Code   RO         3642    .text               c_w.l(strlen.o)
    0x08001d42   0x08001d42   0x00000002   PAD
    0x08001d44   0x08001d44   0x00000080   Code   RO         3644    .text               c_w.l(strcmpv7m.o)
    0x08001dc4   0x08001dc4   0x0000000e   Code   RO         3646    .text               c_w.l(sys_wrch.o)
    0x08001dd2   0x08001dd2   0x00000042   Code   RO         3659    .text               c_w.l(ftell.o)
    0x08001e14   0x08001e14   0x00000008   Code   RO         3672    .text               c_w.l(rt_errno_addr_intlibspace.o)
    0x08001e1c   0x08001e1c   0x0000003e   Code   RO         3530    CL$$btod_d2e        c_w.l(btod.o)
    0x08001e5a   0x08001e5a   0x00000046   Code   RO         3532    CL$$btod_d2e_denorm_low  c_w.l(btod.o)
    0x08001ea0   0x08001ea0   0x00000060   Code   RO         3531    CL$$btod_d2e_norm_op1  c_w.l(btod.o)
    0x08001f00   0x08001f00   0x00000338   Code   RO         3540    CL$$btod_div_common  c_w.l(btod.o)
    0x08002238   0x08002238   0x000000dc   Code   RO         3537    CL$$btod_e2e        c_w.l(btod.o)
    0x08002314   0x08002314   0x0000002a   Code   RO         3534    CL$$btod_ediv       c_w.l(btod.o)
    0x0800233e   0x0800233e   0x0000002a   Code   RO         3533    CL$$btod_emul       c_w.l(btod.o)
    0x08002368   0x08002368   0x00000244   Code   RO         3539    CL$$btod_mult_common  c_w.l(btod.o)
    0x080025ac   0x080025ac   0x00000056   Code   RO          368    i.ADC_ConversionStop_Disable  stm32f1xx_hal_adc.o
    0x08002602   0x08002602   0x00000002   PAD
    0x08002604   0x08002604   0x0000007c   Code   RO          372    i.ADC_Enable        stm32f1xx_hal_adc.o
    0x08002680   0x08002680   0x00000002   Code   RO          184    i.BusFault_Handler  stm32f1xx_it.o
    0x08002682   0x08002682   0x00000002   Code   RO          185    i.DebugMon_Handler  stm32f1xx_it.o
    0x08002684   0x08002684   0x00000014   Code   RO           13    i.Error_Handler     main.o
    0x08002698   0x08002698   0x00000228   Code   RO          374    i.HAL_ADC_ConfigChannel  stm32f1xx_hal_adc.o
    0x080028c0   0x080028c0   0x0000006c   Code   RO          381    i.HAL_ADC_GetValue  stm32f1xx_hal_adc.o
    0x0800292c   0x0800292c   0x00000234   Code   RO          383    i.HAL_ADC_Init      stm32f1xx_hal_adc.o
    0x08002b60   0x08002b60   0x00000058   Code   RO          273    i.HAL_ADC_MspInit   stm32f1xx_hal_msp.o
    0x08002bb8   0x08002bb8   0x000001a0   Code   RO          387    i.HAL_ADC_PollForConversion  stm32f1xx_hal_adc.o
    0x08002d58   0x08002d58   0x0000011c   Code   RO          389    i.HAL_ADC_Start     stm32f1xx_hal_adc.o
    0x08002e74   0x08002e74   0x00000098   Code   RO          392    i.HAL_ADC_Stop      stm32f1xx_hal_adc.o
    0x08002f0c   0x08002f0c   0x00000046   Code   RO         1025    i.HAL_DMA_Abort     stm32f1xx_hal_dma.o
    0x08002f52   0x08002f52   0x00000002   PAD
    0x08002f54   0x08002f54   0x00000130   Code   RO         1026    i.HAL_DMA_Abort_IT  stm32f1xx_hal_dma.o
    0x08003084   0x08003084   0x0000034c   Code   RO          961    i.HAL_GPIO_Init     stm32f1xx_hal_gpio.o
    0x080033d0   0x080033d0   0x0000000c   Code   RO          655    i.HAL_GetTick       stm32f1xx_hal.o
    0x080033dc   0x080033dc   0x00000010   Code   RO          661    i.HAL_IncTick       stm32f1xx_hal.o
    0x080033ec   0x080033ec   0x00000024   Code   RO          662    i.HAL_Init          stm32f1xx_hal.o
    0x08003410   0x08003410   0x00000040   Code   RO          663    i.HAL_InitTick      stm32f1xx_hal.o
    0x08003450   0x08003450   0x0000003c   Code   RO          274    i.HAL_MspInit       stm32f1xx_hal_msp.o
    0x0800348c   0x0800348c   0x00000064   Code   RO         1121    i.HAL_NVIC_EnableIRQ  stm32f1xx_hal_cortex.o
    0x080034f0   0x080034f0   0x000000a0   Code   RO         1127    i.HAL_NVIC_SetPriority  stm32f1xx_hal_cortex.o
    0x08003590   0x08003590   0x00000080   Code   RO         1128    i.HAL_NVIC_SetPriorityGrouping  stm32f1xx_hal_cortex.o
    0x08003610   0x08003610   0x00000114   Code   RO          922    i.HAL_RCCEx_GetPeriphCLKFreq  stm32f1xx_hal_rcc_ex.o
    0x08003724   0x08003724   0x0000019c   Code   RO          923    i.HAL_RCCEx_PeriphCLKConfig  stm32f1xx_hal_rcc_ex.o
    0x080038c0   0x080038c0   0x0000022c   Code   RO          819    i.HAL_RCC_ClockConfig  stm32f1xx_hal_rcc.o
    0x08003aec   0x08003aec   0x00000020   Code   RO          826    i.HAL_RCC_GetPCLK1Freq  stm32f1xx_hal_rcc.o
    0x08003b0c   0x08003b0c   0x00000020   Code   RO          827    i.HAL_RCC_GetPCLK2Freq  stm32f1xx_hal_rcc.o
    0x08003b2c   0x08003b2c   0x0000004c   Code   RO          828    i.HAL_RCC_GetSysClockFreq  stm32f1xx_hal_rcc.o
    0x08003b78   0x08003b78   0x0000048e   Code   RO          831    i.HAL_RCC_OscConfig  stm32f1xx_hal_rcc.o
    0x08004006   0x08004006   0x00000028   Code   RO         1132    i.HAL_SYSTICK_Config  stm32f1xx_hal_cortex.o
    0x0800402e   0x0800402e   0x00000002   Code   RO         2338    i.HAL_TIMEx_BreakCallback  stm32f1xx_hal_tim_ex.o
    0x08004030   0x08004030   0x00000002   Code   RO         2339    i.HAL_TIMEx_CommutCallback  stm32f1xx_hal_tim_ex.o
    0x08004032   0x08004032   0x00000002   PAD
    0x08004034   0x08004034   0x0000013c   Code   RO         2357    i.HAL_TIMEx_MasterConfigSynchronization  stm32f1xx_hal_tim_ex.o
    0x08004170   0x08004170   0x0000014c   Code   RO         1633    i.HAL_TIM_Base_Init  stm32f1xx_hal_tim.o
    0x080042bc   0x080042bc   0x00000038   Code   RO          276    i.HAL_TIM_Base_MspInit  stm32f1xx_hal_msp.o
    0x080042f4   0x080042f4   0x000003a0   Code   RO         1642    i.HAL_TIM_ConfigClockSource  stm32f1xx_hal_tim.o
    0x08004694   0x08004694   0x00000002   Code   RO         1667    i.HAL_TIM_IC_CaptureCallback  stm32f1xx_hal_tim.o
    0x08004696   0x08004696   0x00000130   Code   RO         1681    i.HAL_TIM_IRQHandler  stm32f1xx_hal_tim.o
    0x080047c6   0x080047c6   0x00000002   Code   RO         1684    i.HAL_TIM_OC_DelayElapsedCallback  stm32f1xx_hal_tim.o
    0x080047c8   0x080047c8   0x00000002   Code   RO         1711    i.HAL_TIM_PWM_PulseFinishedCallback  stm32f1xx_hal_tim.o
    0x080047ca   0x080047ca   0x00000002   PAD
    0x080047cc   0x080047cc   0x00000058   Code   RO         3046    i.HAL_TIM_PeriodElapsedCallback  data.o
    0x08004824   0x08004824   0x00000002   Code   RO         1724    i.HAL_TIM_TriggerCallback  stm32f1xx_hal_tim.o
    0x08004826   0x08004826   0x00000002   Code   RO         2617    i.HAL_UARTEx_RxEventCallback  stm32f1xx_hal_uart.o
    0x08004828   0x08004828   0x00000002   Code   RO         2631    i.HAL_UART_ErrorCallback  stm32f1xx_hal_uart.o
    0x0800482a   0x0800482a   0x00000002   PAD
    0x0800482c   0x0800482c   0x0000026c   Code   RO         2634    i.HAL_UART_IRQHandler  stm32f1xx_hal_uart.o
    0x08004a98   0x08004a98   0x0000012c   Code   RO         2635    i.HAL_UART_Init     stm32f1xx_hal_uart.o
    0x08004bc4   0x08004bc4   0x00000080   Code   RO          278    i.HAL_UART_MspInit  stm32f1xx_hal_msp.o
    0x08004c44   0x08004c44   0x00000002   Code   RO         2641    i.HAL_UART_RxCpltCallback  stm32f1xx_hal_uart.o
    0x08004c46   0x08004c46   0x000000a0   Code   RO         2643    i.HAL_UART_Transmit  stm32f1xx_hal_uart.o
    0x08004ce6   0x08004ce6   0x00000002   Code   RO         2646    i.HAL_UART_TxCpltCallback  stm32f1xx_hal_uart.o
    0x08004ce8   0x08004ce8   0x00000002   Code   RO          186    i.HardFault_Handler  stm32f1xx_it.o
    0x08004cea   0x08004cea   0x00000002   PAD
    0x08004cec   0x08004cec   0x0000004c   Code   RO           14    i.MX_ADC1_Init      main.o
    0x08004d38   0x08004d38   0x00000060   Code   RO           15    i.MX_TIM2_Init      main.o
    0x08004d98   0x08004d98   0x00000002   Code   RO          187    i.MemManage_Handler  stm32f1xx_it.o
    0x08004d9a   0x08004d9a   0x00000002   Code   RO          188    i.NMI_Handler       stm32f1xx_it.o
    0x08004d9c   0x08004d9c   0x00000002   Code   RO          189    i.PendSV_Handler    stm32f1xx_it.o
    0x08004d9e   0x08004d9e   0x00000002   Code   RO          190    i.SVC_Handler       stm32f1xx_it.o
    0x08004da0   0x08004da0   0x00000004   Code   RO          191    i.SysTick_Handler   stm32f1xx_it.o
    0x08004da4   0x08004da4   0x0000006e   Code   RO           16    i.SystemClock_Config  main.o
    0x08004e12   0x08004e12   0x00000002   Code   RO         2969    i.SystemInit        system_stm32f1xx.o
    0x08004e14   0x08004e14   0x0000000c   Code   RO          192    i.TIM2_IRQHandler   stm32f1xx_it.o
    0x08004e20   0x08004e20   0x0000009c   Code   RO         1726    i.TIM_Base_SetConfig  stm32f1xx_hal_tim.o
    0x08004ebc   0x08004ebc   0x00000014   Code   RO         1737    i.TIM_ETR_SetConfig  stm32f1xx_hal_tim.o
    0x08004ed0   0x08004ed0   0x00000010   Code   RO         1738    i.TIM_ITRx_SetConfig  stm32f1xx_hal_tim.o
    0x08004ee0   0x08004ee0   0x00000022   Code   RO         1744    i.TIM_TI1_ConfigInputStage  stm32f1xx_hal_tim.o
    0x08004f02   0x08004f02   0x00000024   Code   RO         1746    i.TIM_TI2_ConfigInputStage  stm32f1xx_hal_tim.o
    0x08004f26   0x08004f26   0x00000010   Code   RO         2648    i.UART_DMAAbortOnError  stm32f1xx_hal_uart.o
    0x08004f36   0x08004f36   0x0000004e   Code   RO         2658    i.UART_EndRxTransfer  stm32f1xx_hal_uart.o
    0x08004f84   0x08004f84   0x000000c2   Code   RO         2660    i.UART_Receive_IT   stm32f1xx_hal_uart.o
    0x08005046   0x08005046   0x00000002   PAD
    0x08005048   0x08005048   0x0000014c   Code   RO         2661    i.UART_SetConfig    stm32f1xx_hal_uart.o
    0x08005194   0x08005194   0x00000072   Code   RO         2664    i.UART_WaitOnFlagUntilTimeout  stm32f1xx_hal_uart.o
    0x08005206   0x08005206   0x00000002   PAD
    0x08005208   0x08005208   0x0000000c   Code   RO          193    i.USART1_IRQHandler  stm32f1xx_it.o
    0x08005214   0x08005214   0x00000002   Code   RO          194    i.UsageFault_Handler  stm32f1xx_it.o
    0x08005216   0x08005216   0x00000028   Code   RO         3611    i.__ARM_fpclassify  m_ws.l(fpclassify.o)
    0x0800523e   0x0800523e   0x00000020   Code   RO         1134    i.__NVIC_SetPriority  stm32f1xx_hal_cortex.o
    0x0800525e   0x0800525e   0x0000000e   Code   RO         3257    i._is_digit         c_w.l(__printf_wp.o)
    0x0800526c   0x0800526c   0x00000002   Code   RO           17    i.assert_failed     main.o
    0x0800526e   0x0800526e   0x00000002   PAD
    0x08005270   0x08005270   0x00000040   Code   RO         3123    i.deleteFront       deque.o
    0x080052b0   0x080052b0   0x0000001a   Code   RO         3480    i.fputc             c_w.l(fputc.o)
    0x080052ca   0x080052ca   0x00000024   Code   RO         3127    i.insertRear        deque.o
    0x080052ee   0x080052ee   0x00000002   PAD
    0x080052f0   0x080052f0   0x0000007c   Code   RO           18    i.main              main.o
    0x0800536c   0x0800536c   0x0000003c   Code   RO           19    i.my_uart1_printf   main.o
    0x080053a8   0x080053a8   0x0000002c   Code   RO         3566    locale$$code        c_w.l(lc_numeric_c.o)
    0x080053d4   0x080053d4   0x0000002c   Code   RO         3632    locale$$code        c_w.l(lc_ctype_c.o)
    0x08005400   0x08005400   0x00000004   Code   RO         3428    x$fpl$printf1       fz_ws.l(printf1.o)
    0x08005404   0x08005404   0x00000004   Code   RO         3430    x$fpl$printf2       fz_ws.l(printf2.o)
    0x08005408   0x08005408   0x00000000   Code   RO         3610    x$fpl$usenofp       fz_ws.l(usenofp.o)
    0x08005408   0x08005408   0x00000012   Data   RO          832    .constdata          stm32f1xx_hal_rcc.o
    0x0800541a   0x0800541a   0x00000012   Data   RO          924    .constdata          stm32f1xx_hal_rcc_ex.o
    0x0800542c   0x0800542c   0x00000010   Data   RO         2970    .constdata          system_stm32f1xx.o
    0x0800543c   0x0800543c   0x00000008   Data   RO         2971    .constdata          system_stm32f1xx.o
    0x08005444   0x08005444   0x00000011   Data   RO         3265    .constdata          c_w.l(__printf_flags_ss_wp.o)
    0x08005455   0x08005455   0x00000003   PAD
    0x08005458   0x08005458   0x00000008   Data   RO         3320    .constdata          c_w.l(_printf_wctomb.o)
    0x08005460   0x08005460   0x00000028   Data   RO         3349    .constdata          c_w.l(_printf_hex_int_ll_ptr.o)
    0x08005488   0x08005488   0x00000026   Data   RO         3469    .constdata          c_w.l(_printf_fp_hex.o)
    0x080054ae   0x080054ae   0x00000004   Data   RO         3505    .constdata          c_w.l(sys_io.o)
    0x080054b2   0x080054b2   0x00000004   Data   RO         3506    .constdata          c_w.l(sys_io.o)
    0x080054b6   0x080054b6   0x00000004   Data   RO         3507    .constdata          c_w.l(sys_io.o)
    0x080054ba   0x080054ba   0x00000002   PAD
    0x080054bc   0x080054bc   0x00000094   Data   RO         3528    .constdata          c_w.l(bigflt0.o)
    0x08005550   0x08005550   0x00000020   Data   RO         3691    Region$$Table       anon$$obj.o
    0x08005570   0x08005570   0x0000001c   Data   RO         3565    locale$$data        c_w.l(lc_numeric_c.o)
    0x0800558c   0x0800558c   0x00000110   Data   RO         3631    locale$$data        c_w.l(lc_ctype_c.o)


    Execution Region RW_IRAM1 (Exec base: 0x20000000, Load base: 0x0800569c, Size: 0x00000848, Max: 0x0000c000, ABSOLUTE)

    Exec Addr    Load Addr    Size         Type   Attr      Idx    E Section Name        Object

    0x20000000   0x0800569c   0x0000000c   Data   RW          669    .data               stm32f1xx_hal.o
    0x2000000c   0x080056a8   0x00000004   Data   RW         2972    .data               system_stm32f1xx.o
    0x20000010   0x080056ac   0x0000000c   Data   RW         3048    .data               data.o
    0x2000001c   0x080056b8   0x00000004   Data   RW         3376    .data               c_w.l(stdio_streams.o)
    0x20000020   0x080056bc   0x00000004   Data   RW         3377    .data               c_w.l(stdio_streams.o)
    0x20000024   0x080056c0   0x00000004   Data   RW         3378    .data               c_w.l(stdio_streams.o)
    0x20000028        -       0x000000c0   Zero   RW           20    .bss                main.o
    0x200000e8        -       0x00000054   Zero   RW         3373    .bss                c_w.l(stdio_streams.o)
    0x2000013c        -       0x00000054   Zero   RW         3374    .bss                c_w.l(stdio_streams.o)
    0x20000190        -       0x00000054   Zero   RW         3375    .bss                c_w.l(stdio_streams.o)
    0x200001e4        -       0x00000060   Zero   RW         3439    .bss                c_w.l(libspace.o)
    0x20000244   0x080056c4   0x00000004   PAD
    0x20000248        -       0x00000200   Zero   RW            2    HEAP                startup_stm32f103xe.o
    0x20000448        -       0x00000400   Zero   RW            1    STACK               startup_stm32f103xe.o


==============================================================================

Image component sizes


      Code (inc. data)   RO Data    RW Data    ZI Data      Debug   Object Name

        88         14          0         12          0       1277   data.o
       100         20          0          0          0       1703   deque.o
       488         56          0          0        192     506571   main.o
        64         26        304          0       1536        816   startup_stm32f103xe.o
       128         24          0         12          0       5933   stm32f1xx_hal.o
      2286        456          0          0          0       7567   stm32f1xx_hal_adc.o
       460        196          0          0          0      29143   stm32f1xx_hal_cortex.o
       374          8          0          0          0       1847   stm32f1xx_hal_dma.o
       844        136          0          0          0       2412   stm32f1xx_hal_gpio.o
       332         38          0          0          0       2818   stm32f1xx_hal_msp.o
      1862        194         18          0          0       5296   stm32f1xx_hal_rcc.o
       688        150         18          0          0       2509   stm32f1xx_hal_rcc_ex.o
      1834        194          0          0          0       9615   stm32f1xx_hal_tim.o
       320         88          0          0          0       2493   stm32f1xx_hal_tim_ex.o
      1822        154          0          0          0      10260   stm32f1xx_hal_uart.o
        44         12          0          0          0       4688   stm32f1xx_it.o
         2          0         24          4          0       1111   system_stm32f1xx.o

    ----------------------------------------------------------------------
     11756       1766        396         28       1728     596059   Object Totals
         0          0         32          0          0          0   (incl. Generated)
        20          0          0          0          0          0   (incl. Padding)

    ----------------------------------------------------------------------

      Code (inc. data)   RO Data    RW Data    ZI Data      Debug   Library Member Name

        24          4          0          0          0         84   __2printf.o
         8          0          0          0          0         68   __main.o
       392          4         17          0          0         92   __printf_flags_ss_wp.o
        14          0          0          0          0         68   __printf_wp.o
         0          0          0          0          0          0   __rtentry.o
        12          0          0          0          0          0   __rtentry2.o
         6          0          0          0          0          0   __rtentry4.o
        52          8          0          0          0          0   __scatter.o
        26          0          0          0          0          0   __scatter_copy.o
        28          0          0          0          0          0   __scatter_zi.o
         6          0          0          0          0          0   _printf_a.o
         6          0          0          0          0          0   _printf_c.o
        44          0          0          0          0        108   _printf_char.o
        48          6          0          0          0         96   _printf_char_common.o
        36          4          0          0          0         80   _printf_char_file.o
        40          0          0          0          0         68   _printf_charcount.o
         6          0          0          0          0          0   _printf_d.o
       120         16          0          0          0         92   _printf_dec.o
         6          0          0          0          0          0   _printf_e.o
         6          0          0          0          0          0   _printf_f.o
      1054          0          0          0          0        216   _printf_fp_dec.o
       764          8         38          0          0        100   _printf_fp_hex.o
       128         16          0          0          0         84   _printf_fp_infnan.o
         6          0          0          0          0          0   _printf_g.o
       148          4         40          0          0        160   _printf_hex_int_ll_ptr.o
         6          0          0          0          0          0   _printf_i.o
       178          0          0          0          0         88   _printf_intcommon.o
        10          0          0          0          0          0   _printf_l.o
         6          0          0          0          0          0   _printf_lc.o
        10          0          0          0          0          0   _printf_ll.o
         6          0          0          0          0          0   _printf_lld.o
         6          0          0          0          0          0   _printf_lli.o
         6          0          0          0          0          0   _printf_llo.o
         6          0          0          0          0          0   _printf_llu.o
         6          0          0          0          0          0   _printf_llx.o
       124         16          0          0          0         92   _printf_longlong_dec.o
         6          0          0          0          0          0   _printf_ls.o
         6          0          0          0          0          0   _printf_n.o
         6          0          0          0          0          0   _printf_o.o
       112         10          0          0          0        124   _printf_oct_int_ll.o
         6          0          0          0          0          0   _printf_p.o
        78          0          0          0          0        108   _printf_pad.o
         0          0          0          0          0          0   _printf_percent.o
         4          0          0          0          0          0   _printf_percent_end.o
         6          0          0          0          0          0   _printf_s.o
        82          0          0          0          0         80   _printf_str.o
        36          0          0          0          0         84   _printf_truncate.o
         6          0          0          0          0          0   _printf_u.o
        44          0          0          0          0        108   _printf_wchar.o
       188          6          8          0          0         92   _printf_wctomb.o
         6          0          0          0          0          0   _printf_x.o
        10          0          0          0          0         68   _sputc.o
        64          0          0          0          0         92   _wcrtomb.o
       228          4        148          0          0         96   bigflt0.o
      1936        128          0          0          0        672   btod.o
        10          0          0          0          0         68   defsig_exit.o
        50          0          0          0          0         88   defsig_general.o
        80         58          0          0          0         76   defsig_rtmem_inner.o
        14          0          0          0          0         80   defsig_rtmem_outer.o
        52         38          0          0          0         76   defsig_rtred_inner.o
        14          0          0          0          0         80   defsig_rtred_outer.o
        18          0          0          0          0         80   exit.o
        76          0          0          0          0         88   fclose.o
         8          0          0          0          0         68   ferror.o
       470          0          0          0          0         88   flsbuf.o
       236          4          0          0          0        128   fopen.o
        26          0          0          0          0         68   fputc.o
       248          6          0          0          0         84   fseek.o
        66          0          0          0          0         76   ftell.o
        94          0          0          0          0         80   h1_alloc.o
        52          0          0          0          0         68   h1_extend.o
        78          0          0          0          0         80   h1_free.o
        14          0          0          0          0         84   h1_init.o
         6          0          0          0          0        152   heapauxi.o
         4          0          0          0          0        136   hguard.o
         0          0          0          0          0          0   indicate_semi.o
       138          0          0          0          0        168   init_alloc.o
       312         46          0          0          0        112   initio.o
        44         10        272          0          0         76   lc_ctype_c.o
        44         10         28          0          0         76   lc_numeric_c.o
         2          0          0          0          0          0   libinit.o
        42          0          0          0          0          0   libinit2.o
         2          0          0          0          0          0   libshutdown.o
         6          0          0          0          0          0   libshutdown2.o
         8          4          0          0         96         68   libspace.o
       138          0          0          0          0         80   lludiv10.o
         0          0          0          0          0          0   maybetermalloc1.o
        16          4          0          0          0         76   rt_ctype_table.o
         8          4          0          0          0         68   rt_errno_addr_intlibspace.o
         8          4          0          0          0         68   rt_heap_descriptor_intlibspace.o
         8          4          0          0          0         68   rt_locale_intlibspace.o
        78          0          0          0          0         80   rt_memclr_w.o
         2          0          0          0          0          0   rtexit.o
        10          0          0          0          0          0   rtexit2.o
        70          0          0          0          0         80   setvbuf.o
       240          6          0          0          0        156   stdio.o
         0          0          0         12        252          0   stdio_streams.o
       128          0          0          0          0         68   strcmpv7m.o
        62          0          0          0          0         76   strlen.o
        12          4          0          0          0         68   sys_exit.o
       102          0         12          0          0        240   sys_io.o
        74          0          0          0          0         80   sys_stackheap_outer.o
        14          0          0          0          0         76   sys_wrch.o
         2          0          0          0          0         68   use_no_semi.o
        36          4          0          0          0         76   vsprintf.o
         4          0          0          0          0         68   printf1.o
         4          0          0          0          0         68   printf2.o
         0          0          0          0          0          0   usenofp.o
        40          0          0          0          0         68   fpclassify.o

    ----------------------------------------------------------------------
      9452        440        568         12        352       6900   Library Totals
        14          0          5          0          4          0   (incl. Padding)

    ----------------------------------------------------------------------

      Code (inc. data)   RO Data    RW Data    ZI Data      Debug   Library Name

      9390        440        563         12        348       6696   c_w.l
         8          0          0          0          0        136   fz_ws.l
        40          0          0          0          0         68   m_ws.l

    ----------------------------------------------------------------------
      9452        440        568         12        352       6900   Library Totals

    ----------------------------------------------------------------------

==============================================================================


      Code (inc. data)   RO Data    RW Data    ZI Data      Debug   

     21208       2206        964         40       2080     595207   Grand Totals
     21208       2206        964         40       2080     595207   ELF Image Totals
     21208       2206        964         40          0          0   ROM Totals

==============================================================================

    Total RO  Size (Code + RO Data)                22172 (  21.65kB)
    Total RW  Size (RW Data + ZI Data)              2120 (   2.07kB)
    Total ROM Size (Code + RO Data + RW Data)      22212 (  21.69kB)

==============================================================================

